22:09:07 **** Build of configuration Debug for project Driver_Assignment ****
make -j12 all 
arm-none-eabi-gcc "../drivers/src/stm32f446xx_gpio.c" -mcpu=cortex-m4 -std=gnu11 -g3 -DDEBUG -DSTM32 -DSTM32F4 -DSTM32F446RETx -DNUCLEO_F446RE -c -I../Inc -I"C:/Users/megha/OneDrive/Desktop/Embedded_Assignments/STM32/Driver_Assignment/drivers/inc" -I"C:/Users/megha/OneDrive/Desktop/Embedded_Assignments/STM32/Driver_Assignment/Inc" -O0 -ffunction-sections -fdata-sections -Wall -fstack-usage -fcyclomatic-complexity -MMD -MP -MF"drivers/src/stm32f446xx_gpio.d" -MT"drivers/src/stm32f446xx_gpio.o" --specs=nano.specs -mfloat-abi=soft -mthumb -o "drivers/src/stm32f446xx_gpio.o"
arm-none-eabi-gcc "../drivers/src/stm32f446xx_i2c.c" -mcpu=cortex-m4 -std=gnu11 -g3 -DDEBUG -DSTM32 -DSTM32F4 -DSTM32F446RETx -DNUCLEO_F446RE -c -I../Inc -I"C:/Users/megha/OneDrive/Desktop/Embedded_Assignments/STM32/Driver_Assignment/drivers/inc" -I"C:/Users/megha/OneDrive/Desktop/Embedded_Assignments/STM32/Driver_Assignment/Inc" -O0 -ffunction-sections -fdata-sections -Wall -fstack-usage -fcyclomatic-complexity -MMD -MP -MF"drivers/src/stm32f446xx_i2c.d" -MT"drivers/src/stm32f446xx_i2c.o" --specs=nano.specs -mfloat-abi=soft -mthumb -o "drivers/src/stm32f446xx_i2c.o"
arm-none-eabi-gcc "../drivers/src/stm32f446xx_spi.c" -mcpu=cortex-m4 -std=gnu11 -g3 -DDEBUG -DSTM32 -DSTM32F4 -DSTM32F446RETx -DNUCLEO_F446RE -c -I../Inc -I"C:/Users/megha/OneDrive/Desktop/Embedded_Assignments/STM32/Driver_Assignment/drivers/inc" -I"C:/Users/megha/OneDrive/Desktop/Embedded_Assignments/STM32/Driver_Assignment/Inc" -O0 -ffunction-sections -fdata-sections -Wall -fstack-usage -fcyclomatic-complexity -MMD -MP -MF"drivers/src/stm32f446xx_spi.d" -MT"drivers/src/stm32f446xx_spi.o" --specs=nano.specs -mfloat-abi=soft -mthumb -o "drivers/src/stm32f446xx_spi.o"
arm-none-eabi-gcc "../drivers/src/stm32f446xx_usart.c" -mcpu=cortex-m4 -std=gnu11 -g3 -DDEBUG -DSTM32 -DSTM32F4 -DSTM32F446RETx -DNUCLEO_F446RE -c -I../Inc -I"C:/Users/megha/OneDrive/Desktop/Embedded_Assignments/STM32/Driver_Assignment/drivers/inc" -I"C:/Users/megha/OneDrive/Desktop/Embedded_Assignments/STM32/Driver_Assignment/Inc" -O0 -ffunction-sections -fdata-sections -Wall -fstack-usage -fcyclomatic-complexity -MMD -MP -MF"drivers/src/stm32f446xx_usart.d" -MT"drivers/src/stm32f446xx_usart.o" --specs=nano.specs -mfloat-abi=soft -mthumb -o "drivers/src/stm32f446xx_usart.o"
arm-none-eabi-gcc -mcpu=cortex-m4 -g3 -DDEBUG -c -x assembler-with-cpp -MMD -MP -MF"Startup/startup_stm32f446retx.d" -MT"Startup/startup_stm32f446retx.o" --specs=nano.specs -mfloat-abi=soft -mthumb -o "Startup/startup_stm32f446retx.o" "../Startup/startup_stm32f446retx.s"
arm-none-eabi-gcc "../Src/main.c" -mcpu=cortex-m4 -std=gnu11 -g3 -DDEBUG -DSTM32 -DSTM32F4 -DSTM32F446RETx -DNUCLEO_F446RE -c -I../Inc -I"C:/Users/megha/OneDrive/Desktop/Embedded_Assignments/STM32/Driver_Assignment/drivers/inc" -I"C:/Users/megha/OneDrive/Desktop/Embedded_Assignments/STM32/Driver_Assignment/Inc" -O0 -ffunction-sections -fdata-sections -Wall -fstack-usage -fcyclomatic-complexity -MMD -MP -MF"Src/main.d" -MT"Src/main.o" --specs=nano.specs -mfloat-abi=soft -mthumb -o "Src/main.o"
arm-none-eabi-gcc "../Src/syscalls.c" -mcpu=cortex-m4 -std=gnu11 -g3 -DDEBUG -DSTM32 -DSTM32F4 -DSTM32F446RETx -DNUCLEO_F446RE -c -I../Inc -I"C:/Users/megha/OneDrive/Desktop/Embedded_Assignments/STM32/Driver_Assignment/drivers/inc" -I"C:/Users/megha/OneDrive/Desktop/Embedded_Assignments/STM32/Driver_Assignment/Inc" -O0 -ffunction-sections -fdata-sections -Wall -fstack-usage -fcyclomatic-complexity -MMD -MP -MF"Src/syscalls.d" -MT"Src/syscalls.o" --specs=nano.specs -mfloat-abi=soft -mthumb -o "Src/syscalls.o"
arm-none-eabi-gcc "../Src/sysmem.c" -mcpu=cortex-m4 -std=gnu11 -g3 -DDEBUG -DSTM32 -DSTM32F4 -DSTM32F446RETx -DNUCLEO_F446RE -c -I../Inc -I"C:/Users/megha/OneDrive/Desktop/Embedded_Assignments/STM32/Driver_Assignment/drivers/inc" -I"C:/Users/megha/OneDrive/Desktop/Embedded_Assignments/STM32/Driver_Assignment/Inc" -O0 -ffunction-sections -fdata-sections -Wall -fstack-usage -fcyclomatic-complexity -MMD -MP -MF"Src/sysmem.d" -MT"Src/sysmem.o" --specs=nano.specs -mfloat-abi=soft -mthumb -o "Src/sysmem.o"
arm-none-eabi-gcc -o "Driver_Assignment.elf" @"objects.list"   -mcpu=cortex-m4 -T"C:\Users\megha\OneDrive\Desktop\Embedded_Assignments\STM32\Driver_Assignment\STM32F446RETX_FLASH.ld" --specs=nosys.specs -Wl,-Map="Driver_Assignment.map" -Wl,--gc-sections -static --specs=nano.specs -mfloat-abi=soft -mthumb -Wl,--start-group -lc -lm -Wl,--end-group
Finished building target: Driver_Assignment.elf
 
arm-none-eabi-size  Driver_Assignment.elf 
arm-none-eabi-objdump -h -S Driver_Assignment.elf  > "Driver_Assignment.list"
   text	   data	    bss	    dec	    hex	filename
    712	      0	   1568	   2280	    8e8	Driver_Assignment.elf
Finished building: default.size.stdout
 
Finished building: Driver_Assignment.list
 
