Archive member included to satisfy reference by file (symbol)

C:/ST/STM32CubeIDE_1.19.0/STM32CubeIDE/plugins/com.st.stm32cube.ide.mcu.externaltools.gnu-tools-for-stm32.13.3.rel1.win32_1.0.0.202411081344/tools/bin/../lib/gcc/arm-none-eabi/13.3.1/../../../../arm-none-eabi/lib/thumb/v7e-m+fp/hard\libc_nano.a(libc_a-exit.o)
                              C:/ST/STM32CubeIDE_1.19.0/STM32CubeIDE/plugins/com.st.stm32cube.ide.mcu.externaltools.gnu-tools-for-stm32.13.3.rel1.win32_1.0.0.202411081344/tools/bin/../lib/gcc/arm-none-eabi/13.3.1/../../../../arm-none-eabi/lib/thumb/v7e-m+fp/hard/crt0.o (exit)
C:/ST/STM32CubeIDE_1.19.0/STM32CubeIDE/plugins/com.st.stm32cube.ide.mcu.externaltools.gnu-tools-for-stm32.13.3.rel1.win32_1.0.0.202411081344/tools/bin/../lib/gcc/arm-none-eabi/13.3.1/../../../../arm-none-eabi/lib/thumb/v7e-m+fp/hard\libc_nano.a(libc_a-findfp.o)
                              C:/ST/STM32CubeIDE_1.19.0/STM32CubeIDE/plugins/com.st.stm32cube.ide.mcu.externaltools.gnu-tools-for-stm32.13.3.rel1.win32_1.0.0.202411081344/tools/bin/../lib/gcc/arm-none-eabi/13.3.1/../../../../arm-none-eabi/lib/thumb/v7e-m+fp/hard\libc_nano.a(libc_a-exit.o) (__stdio_exit_handler)
C:/ST/STM32CubeIDE_1.19.0/STM32CubeIDE/plugins/com.st.stm32cube.ide.mcu.externaltools.gnu-tools-for-stm32.13.3.rel1.win32_1.0.0.202411081344/tools/bin/../lib/gcc/arm-none-eabi/13.3.1/../../../../arm-none-eabi/lib/thumb/v7e-m+fp/hard\libc_nano.a(libc_a-fwalk.o)
                              C:/ST/STM32CubeIDE_1.19.0/STM32CubeIDE/plugins/com.st.stm32cube.ide.mcu.externaltools.gnu-tools-for-stm32.13.3.rel1.win32_1.0.0.202411081344/tools/bin/../lib/gcc/arm-none-eabi/13.3.1/../../../../arm-none-eabi/lib/thumb/v7e-m+fp/hard\libc_nano.a(libc_a-findfp.o) (_fwalk_sglue)
C:/ST/STM32CubeIDE_1.19.0/STM32CubeIDE/plugins/com.st.stm32cube.ide.mcu.externaltools.gnu-tools-for-stm32.13.3.rel1.win32_1.0.0.202411081344/tools/bin/../lib/gcc/arm-none-eabi/13.3.1/../../../../arm-none-eabi/lib/thumb/v7e-m+fp/hard\libc_nano.a(libc_a-puts.o)
                              ./Core/Src/main.o (puts)
C:/ST/STM32CubeIDE_1.19.0/STM32CubeIDE/plugins/com.st.stm32cube.ide.mcu.externaltools.gnu-tools-for-stm32.13.3.rel1.win32_1.0.0.202411081344/tools/bin/../lib/gcc/arm-none-eabi/13.3.1/../../../../arm-none-eabi/lib/thumb/v7e-m+fp/hard\libc_nano.a(libc_a-stdio.o)
                              C:/ST/STM32CubeIDE_1.19.0/STM32CubeIDE/plugins/com.st.stm32cube.ide.mcu.externaltools.gnu-tools-for-stm32.13.3.rel1.win32_1.0.0.202411081344/tools/bin/../lib/gcc/arm-none-eabi/13.3.1/../../../../arm-none-eabi/lib/thumb/v7e-m+fp/hard\libc_nano.a(libc_a-findfp.o) (__sread)
C:/ST/STM32CubeIDE_1.19.0/STM32CubeIDE/plugins/com.st.stm32cube.ide.mcu.externaltools.gnu-tools-for-stm32.13.3.rel1.win32_1.0.0.202411081344/tools/bin/../lib/gcc/arm-none-eabi/13.3.1/../../../../arm-none-eabi/lib/thumb/v7e-m+fp/hard\libc_nano.a(libc_a-wbuf.o)
                              C:/ST/STM32CubeIDE_1.19.0/STM32CubeIDE/plugins/com.st.stm32cube.ide.mcu.externaltools.gnu-tools-for-stm32.13.3.rel1.win32_1.0.0.202411081344/tools/bin/../lib/gcc/arm-none-eabi/13.3.1/../../../../arm-none-eabi/lib/thumb/v7e-m+fp/hard\libc_nano.a(libc_a-puts.o) (__swbuf_r)
C:/ST/STM32CubeIDE_1.19.0/STM32CubeIDE/plugins/com.st.stm32cube.ide.mcu.externaltools.gnu-tools-for-stm32.13.3.rel1.win32_1.0.0.202411081344/tools/bin/../lib/gcc/arm-none-eabi/13.3.1/../../../../arm-none-eabi/lib/thumb/v7e-m+fp/hard\libc_nano.a(libc_a-wsetup.o)
                              C:/ST/STM32CubeIDE_1.19.0/STM32CubeIDE/plugins/com.st.stm32cube.ide.mcu.externaltools.gnu-tools-for-stm32.13.3.rel1.win32_1.0.0.202411081344/tools/bin/../lib/gcc/arm-none-eabi/13.3.1/../../../../arm-none-eabi/lib/thumb/v7e-m+fp/hard\libc_nano.a(libc_a-puts.o) (__swsetup_r)
C:/ST/STM32CubeIDE_1.19.0/STM32CubeIDE/plugins/com.st.stm32cube.ide.mcu.externaltools.gnu-tools-for-stm32.13.3.rel1.win32_1.0.0.202411081344/tools/bin/../lib/gcc/arm-none-eabi/13.3.1/../../../../arm-none-eabi/lib/thumb/v7e-m+fp/hard\libc_nano.a(libc_a-memset.o)
                              C:/ST/STM32CubeIDE_1.19.0/STM32CubeIDE/plugins/com.st.stm32cube.ide.mcu.externaltools.gnu-tools-for-stm32.13.3.rel1.win32_1.0.0.202411081344/tools/bin/../lib/gcc/arm-none-eabi/13.3.1/../../../../arm-none-eabi/lib/thumb/v7e-m+fp/hard/crt0.o (memset)
C:/ST/STM32CubeIDE_1.19.0/STM32CubeIDE/plugins/com.st.stm32cube.ide.mcu.externaltools.gnu-tools-for-stm32.13.3.rel1.win32_1.0.0.202411081344/tools/bin/../lib/gcc/arm-none-eabi/13.3.1/../../../../arm-none-eabi/lib/thumb/v7e-m+fp/hard\libc_nano.a(libc_a-closer.o)
                              C:/ST/STM32CubeIDE_1.19.0/STM32CubeIDE/plugins/com.st.stm32cube.ide.mcu.externaltools.gnu-tools-for-stm32.13.3.rel1.win32_1.0.0.202411081344/tools/bin/../lib/gcc/arm-none-eabi/13.3.1/../../../../arm-none-eabi/lib/thumb/v7e-m+fp/hard\libc_nano.a(libc_a-stdio.o) (_close_r)
[...]
Memory Configuration

Name             Origin             Length             Attributes
RAM              0x20000000         0x00020000         xrw
FLASH            0x08000000         0x00080000         xr
*default*        0x00000000         0xffffffff

Linker script and memory map

LOAD C:/ST/STM32CubeIDE_1.19.0/STM32CubeIDE/plugins/com.st.stm32cube.ide.mcu.externaltools.gnu-tools-for-stm32.13.3.rel1.win32_1.0.0.202411081344/tools/bin/../lib/gcc/arm-none-eabi/13.3.1/thumb/v7e-m+fp/hard/crti.o
LOAD C:/ST/STM32CubeIDE_1.19.0/STM32CubeIDE/plugins/com.st.stm32cube.ide.mcu.externaltools.gnu-tools-for-stm32.13.3.rel1.win32_1.0.0.202411081344/tools/bin/../lib/gcc/arm-none-eabi/13.3.1/thumb/v7e-m+fp/hard/crtbegin.o
LOAD C:/ST/STM32CubeIDE_1.19.0/STM32CubeIDE/plugins/com.st.stm32cube.ide.mcu.externaltools.gnu-tools-for-stm32.13.3.rel1.win32_1.0.0.202411081344/tools/bin/../lib/gcc/arm-none-eabi/13.3.1/../../../../arm-none-eabi/lib/thumb/v7e-m+fp/hard/crt0.o
LOAD ./Core/Src/main.o
LOAD ./Core/Src/stm32f4xx_hal_msp.o
LOAD ./Core/Src/stm32f4xx_hal_timebase_tim.o
LOAD ./Core/Src/stm32f4xx_it.o
LOAD ./Core/Src/syscalls.o
LOAD ./Core/Src/sysmem.o
LOAD ./Core/Src/system_stm32f4xx.o
LOAD ./Core/Startup/startup_stm32f446retx.o
LOAD ./Drivers/STM32F4xx_HAL_Driver/Src/stm32f4xx_hal.o
LOAD ./Drivers/STM32F4xx_HAL_Driver/Src/stm32f4xx_hal_cortex.o
LOAD ./Drivers/STM32F4xx_HAL_Driver/Src/stm32f4xx_hal_dma.o
LOAD ./Drivers/STM32F4xx_HAL_Driver/Src/stm32f4xx_hal_dma_ex.o
LOAD ./Drivers/STM32F4xx_HAL_Driver/Src/stm32f4xx_hal_exti.o
LOAD ./Drivers/STM32F4xx_HAL_Driver/Src/stm32f4xx_hal_flash.o
LOAD ./Drivers/STM32F4xx_HAL_Driver/Src/stm32f4xx_hal_flash_ex.o
LOAD ./Drivers/STM32F4xx_HAL_Driver/Src/stm32f4xx_hal_flash_ramfunc.o
LOAD ./Drivers/STM32F4xx_HAL_Driver/Src/stm32f4xx_hal_gpio.o
LOAD ./Drivers/STM32F4xx_HAL_Driver/Src/stm32f4xx_hal_pwr.o
LOAD ./Drivers/STM32F4xx_HAL_Driver/Src/stm32f4xx_hal_pwr_ex.o
LOAD ./Drivers/STM32F4xx_HAL_Driver/Src/stm32f4xx_hal_rcc.o
LOAD ./Drivers/STM32F4xx_HAL_Driver/Src/stm32f4xx_hal_rcc_ex.o
LOAD ./Drivers/STM32F4xx_HAL_Driver/Src/stm32f4xx_hal_tim.o
LOAD ./Drivers/STM32F4xx_HAL_Driver/Src/stm32f4xx_hal_tim_ex.o
LOAD ./Drivers/STM32F4xx_HAL_Driver/Src/stm32f4xx_hal_uart.o
LOAD ./Thirdparty/FreeRTOS/croutine.o
LOAD ./Thirdparty/FreeRTOS/event_groups.o
LOAD ./Thirdparty/FreeRTOS/list.o
LOAD ./Thirdparty/FreeRTOS/queue.o
LOAD ./Thirdparty/FreeRTOS/stream_buffer.o
LOAD ./Thirdparty/FreeRTOS/tasks.o
LOAD ./Thirdparty/FreeRTOS/timers.o
LOAD ./Thirdparty/FreeRTOS/portable/GCC/ARM_CM4F/port.o
LOAD ./Thirdparty/FreeRTOS/portable/MemMang/heap_4.o
START GROUP
LOAD C:/ST/STM32CubeIDE_1.19.0/STM32CubeIDE/plugins/com.st.stm32cube.ide.mcu.externaltools.gnu-tools-for-stm32.13.3.rel1.win32_1.0.0.202411081344/tools/bin/../lib/gcc/arm-none-eabi/13.3.1/../../../../arm-none-eabi/lib/thumb/v7e-m+fp/hard\libc_nano.a
LOAD C:/ST/STM32CubeIDE_1.19.0/STM32CubeIDE/plugins/com.st.stm32cube.ide.mcu.externaltools.gnu-tools-for-stm32.13.3.rel1.win32_1.0.0.202411081344/tools/bin/../lib/gcc/arm-none-eabi/13.3.1/../../../../arm-none-eabi/lib/thumb/v7e-m+fp/hard\libm.a
END GROUP
START GROUP
LOAD C:/ST/STM32CubeIDE_1.19.0/STM32CubeIDE/plugins/com.st.stm32cube.ide.mcu.externaltools.gnu-tools-for-stm32.13.3.rel1.win32_1.0.0.202411081344/tools/bin/../lib/gcc/arm-none-eabi/13.3.1/thumb/v7e-m+fp/hard\libgcc.a
LOAD C:/ST/STM32CubeIDE_1.19.0/STM32CubeIDE/plugins/com.st.stm32cube.ide.mcu.externaltools.gnu-tools-for-stm32.13.3.rel1.win32_1.0.0.202411081344/tools/bin/../lib/gcc/arm-none-eabi/13.3.1/../../../../arm-none-eabi/lib/thumb/v7e-m+fp/hard\libc_nano.a
END GROUP
START GROUP
LOAD C:/ST/STM32CubeIDE_1.19.0/STM32CubeIDE/plugins/com.st.stm32cube.ide.mcu.externaltools.gnu-tools-for-stm32.13.3.rel1.win32_1.0.0.202411081344/tools/bin/../lib/gcc/arm-none-eabi/13.3.1/thumb/v7e-m+fp/hard\libgcc.a
LOAD C:/ST/STM32CubeIDE_1.19.0/STM32CubeIDE/plugins/com.st.stm32cube.ide.mcu.externaltools.gnu-tools-for-stm32.13.3.rel1.win32_1.0.0.202411081344/tools/bin/../lib/gcc/arm-none-eabi/13.3.1/../../../../arm-none-eabi/lib/thumb/v7e-m+fp/hard\libc_nano.a
LOAD C:/ST/STM32CubeIDE_1.19.0/STM32CubeIDE/plugins/com.st.stm32cube.ide.mcu.externaltools.gnu-tools-for-stm32.13.3.rel1.win32_1.0.0.202411081344/tools/bin/../lib/gcc/arm-none-eabi/13.3.1/../../../../arm-none-eabi/lib/thumb/v7e-m+fp/hard\libnosys.a
END GROUP
START GROUP
LOAD C:/ST/STM32CubeIDE_1.19.0/STM32CubeIDE/plugins/com.st.stm32cube.ide.mcu.externaltools.gnu-tools-for-stm32.13.3.rel1.win32_1.0.0.202411081344/tools/bin/../lib/gcc/arm-none-eabi/13.3.1/thumb/v7e-m+fp/hard\libgcc.a
LOAD C:/ST/STM32CubeIDE_1.19.0/STM32CubeIDE/plugins/com.st.stm32cube.ide.mcu.externaltools.gnu-tools-for-stm32.13.3.rel1.win32_1.0.0.202411081344/tools/bin/../lib/gcc/arm-none-eabi/13.3.1/../../../../arm-none-eabi/lib/thumb/v7e-m+fp/hard\libc_nano.a
LOAD C:/ST/STM32CubeIDE_1.19.0/STM32CubeIDE/plugins/com.st.stm32cube.ide.mcu.externaltools.gnu-tools-for-stm32.13.3.rel1.win32_1.0.0.202411081344/tools/bin/../lib/gcc/arm-none-eabi/13.3.1/../../../../arm-none-eabi/lib/thumb/v7e-m+fp/hard\libnosys.a
END GROUP
LOAD C:/ST/STM32CubeIDE_1.19.0/STM32CubeIDE/plugins/com.st.stm32cube.ide.mcu.externaltools.gnu-tools-for-stm32.13.3.rel1.win32_1.0.0.202411081344/tools/bin/../lib/gcc/arm-none-eabi/13.3.1/thumb/v7e-m+fp/hard/crtend.o
LOAD C:/ST/STM32CubeIDE_1.19.0/STM32CubeIDE/plugins/com.st.stm32cube.ide.mcu.externaltools.gnu-tools-for-stm32.13.3.rel1.win32_1.0.0.202411081344/tools/bin/../lib/gcc/arm-none-eabi/13.3.1/thumb/v7e-m+fp/hard/crtn.o
                0x20020000                        _estack = (ORIGIN (RAM) + LENGTH (RAM))
                0x00000200                        _Min_Heap_Size = 0x200
                0x00000400                        _Min_Stack_Size = 0x400

.isr_vector     0x08000000      0x1c4
                0x08000000                        . = ALIGN (0x4)
 *(.isr_vector)
 .isr_vector    0x08000000      0x1c4 ./Core/Startup/startup_stm32f446retx.o
                0x08000000                g_pfnVectors
                0x080001c4                        . = ALIGN (0x4)

.text           0x080001c4     0x572c
                0x080001c4                        . = ALIGN (0x4)
 *(.text)
 .text          0x080001c4       0x40 C:/ST/STM32CubeIDE_1.19.0/STM32CubeIDE/plugins/com.st.stm32cube.ide.mcu.externaltools.gnu-tools-for-stm32.13.3.rel1.win32_1.0.0.202411081344/tools/bin/../lib/gcc/arm-none-eabi/13.3.1/thumb/v7e-m+fp/hard/crtbegin.o
 .text          0x08000204       0x30 C:/ST/STM32CubeIDE_1.19.0/STM32CubeIDE/plugins/com.st.stm32cube.ide.mcu.externaltools.gnu-tools-for-stm32.13.3.rel1.win32_1.0.0.202411081344/tools/bin/../lib/gcc/arm-none-eabi/13.3.1/thumb/v7e-m+fp/hard\libgcc.a(_aeabi_uldivmod.o)
                0x08000204                __aeabi_uldivmod
 .text          0x08000234      0x2f8 C:/ST/STM32CubeIDE_1.19.0/STM32CubeIDE/plugins/com.st.stm32cube.ide.mcu.externaltools.gnu-tools-for-stm32.13.3.rel1.win32_1.0.0.202411081344/tools/bin/../lib/gcc/arm-none-eabi/13.3.1/thumb/v7e-m+fp/hard\libgcc.a(_udivmoddi4.o)
                0x08000234                __udivmoddi4
 .text          0x0800052c        0x4 C:/ST/STM32CubeIDE_1.19.0/STM32CubeIDE/plugins/com.st.stm32cube.ide.mcu.externaltools.gnu-tools-for-stm32.13.3.rel1.win32_1.0.0.202411081344/tools/bin/../lib/gcc/arm-none-eabi/13.3.1/thumb/v7e-m+fp/hard\libgcc.a(_dvmd_tls.o)
                0x0800052c                __aeabi_idiv0
                0x0800052c                __aeabi_ldiv0
 *(.text*)
 .text.main     0x08000530       0xdc ./Core/Src/main.o
                0x08000530                main
 .text.SystemClock_Config
                0x0800060c       0xdc ./Core/Src/main.o
                0x0800060c                SystemClock_Config
 .text.MX_USART2_UART_Init
                0x080006e8       0x54 ./Core/Src/main.o
 .text.MX_GPIO_Init
                0x0800073c       0xdc ./Core/Src/main.o
 .text.led_green_handler
                0x08000818       0x40 ./Core/Src/main.o
 .text.led_red_handler
                0x08000858       0x40 ./Core/Src/main.o
 .text.led_white_handler
                0x08000898       0x40 ./Core/Src/main.o
 .text.HAL_TIM_PeriodElapsedCallback
                0x080008d8       0x24 ./Core/Src/main.o
                0x080008d8                HAL_TIM_PeriodElapsedCallback
 .text.Error_Handler
                0x080008fc        0xc ./Core/Src/main.o
                0x080008fc                Error_Handler
 .text.HAL_MspInit
                0x08000908       0x50 ./Core/Src/stm32f4xx_hal_msp.o
                0x08000908                HAL_MspInit
 .text.HAL_UART_MspInit
                0x08000958       0x90 ./Core/Src/stm32f4xx_hal_msp.o
                0x08000958                HAL_UART_MspInit
 .text.HAL_InitTick
                0x080009e8       0xf8 ./Core/Src/stm32f4xx_hal_timebase_tim.o
                0x080009e8                HAL_InitTick
 .text.NMI_Handler
                0x08000ae0        0x8 ./Core/Src/stm32f4xx_it.o
                0x08000ae0                NMI_Handler
 .text.HardFault_Handler
                0x08000ae8        0x8 ./Core/Src/stm32f4xx_it.o
                0x08000ae8                HardFault_Handler
 .text.MemManage_Handler
                0x08000af0        0x8 ./Core/Src/stm32f4xx_it.o
                0x08000af0                MemManage_Handler
 .text.BusFault_Handler
                0x08000af8        0x8 ./Core/Src/stm32f4xx_it.o
                0x08000af8                BusFault_Handler
 .text.UsageFault_Handler
                0x08000b00        0x8 ./Core/Src/stm32f4xx_it.o
                0x08000b00                UsageFault_Handler
 .text.DebugMon_Handler
                0x08000b08        0xe ./Core/Src/stm32f4xx_it.o
                0x08000b08                DebugMon_Handler
 *fill*         0x08000b16        0x2 
 .text.TIM6_DAC_IRQHandler
                0x08000b18       0x14 ./Core/Src/stm32f4xx_it.o
                0x08000b18                TIM6_DAC_IRQHandler
 .text.ITM_SendChar
                0x08000b2c       0x50 ./Core/Src/syscalls.o
                0x08000b2c                ITM_SendChar
 .text._read    0x08000b7c       0x3a ./Core/Src/syscalls.o
                0x08000b7c                _read
 .text._write   0x08000bb6       0x38 ./Core/Src/syscalls.o
                0x08000bb6                _write
 .text._close   0x08000bee       0x18 ./Core/Src/syscalls.o
                0x08000bee                _close
 .text._fstat   0x08000c06       0x20 ./Core/Src/syscalls.o
                0x08000c06                _fstat
 .text._isatty  0x08000c26       0x16 ./Core/Src/syscalls.o
                0x08000c26                _isatty
 .text._lseek   0x08000c3c       0x1a ./Core/Src/syscalls.o
                0x08000c3c                _lseek
 *fill*         0x08000c56        0x2 
 .text._sbrk    0x08000c58       0x6c ./Core/Src/sysmem.o
                0x08000c58                _sbrk
 .text.SystemInit
                0x08000cc4       0x24 ./Core/Src/system_stm32f4xx.o
                0x08000cc4                SystemInit
 .text.Reset_Handler
                0x08000ce8       0x50 ./Core/Startup/startup_stm32f446retx.o
                0x08000ce8                Reset_Handler
 .text.Default_Handler
                0x08000d38        0x2 ./Core/Startup/startup_stm32f446retx.o
                0x08000d38                RTC_Alarm_IRQHandler
                0x08000d38                EXTI2_IRQHandler
                0x08000d38                TIM8_CC_IRQHandler
                0x08000d38                FMPI2C1_EV_IRQHandler
                0x08000d38                SPI4_IRQHandler
                0x08000d38                TIM1_CC_IRQHandler
                0x08000d38                DMA2_Stream5_IRQHandler
                0x08000d38                DMA1_Stream5_IRQHandler
                0x08000d38                PVD_IRQHandler
                0x08000d38                SDIO_IRQHandler
                0x08000d38                TAMP_STAMP_IRQHandler
                0x08000d38                CAN2_RX1_IRQHandler
                0x08000d38                EXTI3_IRQHandler
                0x08000d38                TIM8_TRG_COM_TIM14_IRQHandler
                0x08000d38                TIM1_UP_TIM10_IRQHandler
                0x08000d38                TIM8_UP_TIM13_IRQHandler
                0x08000d38                I2C3_ER_IRQHandler
                0x08000d38                EXTI0_IRQHandler
                0x08000d38                I2C2_EV_IRQHandler
                0x08000d38                DMA1_Stream2_IRQHandler
                0x08000d38                CAN1_RX0_IRQHandler
                0x08000d38                FPU_IRQHandler
                0x08000d38                OTG_HS_WKUP_IRQHandler
                0x08000d38                CAN2_SCE_IRQHandler
                0x08000d38                DMA2_Stream2_IRQHandler
                0x08000d38                SPI1_IRQHandler
                0x08000d38                TIM1_BRK_TIM9_IRQHandler
                0x08000d38                DCMI_IRQHandler
                0x08000d38                CAN2_RX0_IRQHandler
                0x08000d38                DMA2_Stream3_IRQHandler
                0x08000d38                SAI2_IRQHandler
                0x08000d38                USART6_IRQHandler
                0x08000d38                USART3_IRQHandler
                0x08000d38                CAN1_RX1_IRQHandler
                0x08000d38                UART5_IRQHandler
                0x08000d38                DMA2_Stream0_IRQHandler
                0x08000d38                TIM4_IRQHandler
                0x08000d38                QUADSPI_IRQHandler
                0x08000d38                I2C1_EV_IRQHandler
                0x08000d38                DMA1_Stream6_IRQHandler
                0x08000d38                DMA1_Stream1_IRQHandler
                0x08000d38                UART4_IRQHandler
                0x08000d38                TIM3_IRQHandler
                0x08000d38                RCC_IRQHandler
                0x08000d38                TIM8_BRK_TIM12_IRQHandler
                0x08000d38                Default_Handler
                0x08000d38                CEC_IRQHandler
                0x08000d38                EXTI15_10_IRQHandler
                0x08000d38                ADC_IRQHandler
                0x08000d38                DMA1_Stream7_IRQHandler
                0x08000d38                TIM7_IRQHandler
                0x08000d38                CAN2_TX_IRQHandler
                0x08000d38                TIM5_IRQHandler
                0x08000d38                DMA2_Stream7_IRQHandler
                0x08000d38                I2C3_EV_IRQHandler
                0x08000d38                EXTI9_5_IRQHandler
                0x08000d38                RTC_WKUP_IRQHandler
                0x08000d38                SPDIF_RX_IRQHandler
                0x08000d38                SPI2_IRQHandler
                0x08000d38                OTG_HS_EP1_IN_IRQHandler
                0x08000d38                DMA1_Stream0_IRQHandler
                0x08000d38                CAN1_TX_IRQHandler
                0x08000d38                FMPI2C1_ER_IRQHandler
                0x08000d38                EXTI4_IRQHandler
                0x08000d38                OTG_HS_EP1_OUT_IRQHandler
                0x08000d38                WWDG_IRQHandler
                0x08000d38                TIM2_IRQHandler
                0x08000d38                OTG_FS_WKUP_IRQHandler
                0x08000d38                TIM1_TRG_COM_TIM11_IRQHandler
                0x08000d38                OTG_HS_IRQHandler
                0x08000d38                EXTI1_IRQHandler
                0x08000d38                USART2_IRQHandler
                0x08000d38                I2C2_ER_IRQHandler
                0x08000d38                DMA2_Stream1_IRQHandler
                0x08000d38                CAN1_SCE_IRQHandler
                0x08000d38                FLASH_IRQHandler
                0x08000d38                DMA2_Stream4_IRQHandler
                0x08000d38                USART1_IRQHandler
                0x08000d38                OTG_FS_IRQHandler
                0x08000d38                SPI3_IRQHandler
                0x08000d38                DMA1_Stream4_IRQHandler
                0x08000d38                I2C1_ER_IRQHandler
                0x08000d38                FMC_IRQHandler
                0x08000d38                DMA2_Stream6_IRQHandler
                0x08000d38                SAI1_IRQHandler
                0x08000d38                DMA1_Stream3_IRQHandler
 *fill*         0x08000d3a        0x2 
 .text.HAL_Init
                0x08000d3c       0x44 ./Drivers/STM32F4xx_HAL_Driver/Src/stm32f4xx_hal.o
                0x08000d3c                HAL_Init
 .text.HAL_IncTick
                0x08000d80       0x28 ./Drivers/STM32F4xx_HAL_Driver/Src/stm32f4xx_hal.o
                0x08000d80                HAL_IncTick
 .text.HAL_GetTick
                0x08000da8       0x18 ./Drivers/STM32F4xx_HAL_Driver/Src/stm32f4xx_hal.o
                0x08000da8                HAL_GetTick
 .text.HAL_Delay
                0x08000dc0       0x48 ./Drivers/STM32F4xx_HAL_Driver/Src/stm32f4xx_hal.o
                0x08000dc0                HAL_Delay
 .text.__NVIC_SetPriorityGrouping
                0x08000e08       0x48 ./Drivers/STM32F4xx_HAL_Driver/Src/stm32f4xx_hal_cortex.o
 .text.__NVIC_GetPriorityGrouping
                0x08000e50       0x1c ./Drivers/STM32F4xx_HAL_Driver/Src/stm32f4xx_hal_cortex.o
 .text.__NVIC_EnableIRQ
                0x08000e6c       0x3c ./Drivers/STM32F4xx_HAL_Driver/Src/stm32f4xx_hal_cortex.o
 .text.__NVIC_SetPriority
                0x08000ea8       0x54 ./Drivers/STM32F4xx_HAL_Driver/Src/stm32f4xx_hal_cortex.o
 .text.NVIC_EncodePriority
                0x08000efc       0x66 ./Drivers/STM32F4xx_HAL_Driver/Src/stm32f4xx_hal_cortex.o
 .text.HAL_NVIC_SetPriorityGrouping
                0x08000f62       0x16 ./Drivers/STM32F4xx_HAL_Driver/Src/stm32f4xx_hal_cortex.o
                0x08000f62                HAL_NVIC_SetPriorityGrouping
 .text.HAL_NVIC_SetPriority
                0x08000f78       0x38 ./Drivers/STM32F4xx_HAL_Driver/Src/stm32f4xx_hal_cortex.o
                0x08000f78                HAL_NVIC_SetPriority
 .text.HAL_NVIC_EnableIRQ
                0x08000fb0       0x1c ./Drivers/STM32F4xx_HAL_Driver/Src/stm32f4xx_hal_cortex.o
                0x08000fb0                HAL_NVIC_EnableIRQ
 .text.HAL_GPIO_Init
                0x08000fcc      0x328 ./Drivers/STM32F4xx_HAL_Driver/Src/stm32f4xx_hal_gpio.o
                0x08000fcc                HAL_GPIO_Init
 .text.HAL_GPIO_WritePin
                0x080012f4       0x32 ./Drivers/STM32F4xx_HAL_Driver/Src/stm32f4xx_hal_gpio.o
                0x080012f4                HAL_GPIO_WritePin
 .text.HAL_GPIO_TogglePin
                0x08001326       0x34 ./Drivers/STM32F4xx_HAL_Driver/Src/stm32f4xx_hal_gpio.o
                0x08001326                HAL_GPIO_TogglePin
 *fill*         0x0800135a        0x2 
 .text.HAL_RCC_ClockConfig
                0x0800135c      0x1cc ./Drivers/STM32F4xx_HAL_Driver/Src/stm32f4xx_hal_rcc.o
                0x0800135c                HAL_RCC_ClockConfig
 .text.HAL_RCC_GetHCLKFreq
                0x08001528       0x18 ./Drivers/STM32F4xx_HAL_Driver/Src/stm32f4xx_hal_rcc.o
                0x08001528                HAL_RCC_GetHCLKFreq
 .text.HAL_RCC_GetPCLK1Freq
                0x08001540       0x28 ./Drivers/STM32F4xx_HAL_Driver/Src/stm32f4xx_hal_rcc.o
                0x08001540                HAL_RCC_GetPCLK1Freq
 .text.HAL_RCC_GetPCLK2Freq
                0x08001568       0x28 ./Drivers/STM32F4xx_HAL_Driver/Src/stm32f4xx_hal_rcc.o
                0x08001568                HAL_RCC_GetPCLK2Freq
 .text.HAL_RCC_GetClockConfig
                0x08001590       0x64 ./Drivers/STM32F4xx_HAL_Driver/Src/stm32f4xx_hal_rcc.o
                0x08001590                HAL_RCC_GetClockConfig
 .text.HAL_RCC_GetSysClockFreq
                0x080015f4      0x460 ./Drivers/STM32F4xx_HAL_Driver/Src/stm32f4xx_hal_rcc_ex.o
                0x080015f4                HAL_RCC_GetSysClockFreq
 .text.HAL_RCC_OscConfig
                0x08001a54      0x53c ./Drivers/STM32F4xx_HAL_Driver/Src/stm32f4xx_hal_rcc_ex.o
                0x08001a54                HAL_RCC_OscConfig
 .text.HAL_TIM_Base_Init
                0x08001f90       0x9e ./Drivers/STM32F4xx_HAL_Driver/Src/stm32f4xx_hal_tim.o
                0x08001f90                HAL_TIM_Base_Init
 .text.HAL_TIM_Base_MspInit
                0x0800202e       0x14 ./Drivers/STM32F4xx_HAL_Driver/Src/stm32f4xx_hal_tim.o
                0x0800202e                HAL_TIM_Base_MspInit
 *fill*         0x08002042        0x2 
 .text.HAL_TIM_Base_Start_IT
                0x08002044       0xe0 ./Drivers/STM32F4xx_HAL_Driver/Src/stm32f4xx_hal_tim.o
                0x08002044                HAL_TIM_Base_Start_IT
 .text.HAL_TIM_IRQHandler
                0x08002124      0x1e0 ./Drivers/STM32F4xx_HAL_Driver/Src/stm32f4xx_hal_tim.o
                0x08002124                HAL_TIM_IRQHandler
 .text.HAL_TIM_OC_DelayElapsedCallback
                0x08002304       0x14 ./Drivers/STM32F4xx_HAL_Driver/Src/stm32f4xx_hal_tim.o
                0x08002304                HAL_TIM_OC_DelayElapsedCallback
 .text.HAL_TIM_IC_CaptureCallback
                0x08002318       0x14 ./Drivers/STM32F4xx_HAL_Driver/Src/stm32f4xx_hal_tim.o
                0x08002318                HAL_TIM_IC_CaptureCallback
 .text.HAL_TIM_PWM_PulseFinishedCallback
                0x0800232c       0x14 ./Drivers/STM32F4xx_HAL_Driver/Src/stm32f4xx_hal_tim.o
                0x0800232c                HAL_TIM_PWM_PulseFinishedCallback
 .text.HAL_TIM_TriggerCallback
                0x08002340       0x14 ./Drivers/STM32F4xx_HAL_Driver/Src/stm32f4xx_hal_tim.o
                0x08002340                HAL_TIM_TriggerCallback
 .text.TIM_Base_SetConfig
                0x08002354      0x14c ./Drivers/STM32F4xx_HAL_Driver/Src/stm32f4xx_hal_tim.o
                0x08002354                TIM_Base_SetConfig
 .text.HAL_TIMEx_CommutCallback
                0x080024a0       0x14 ./Drivers/STM32F4xx_HAL_Driver/Src/stm32f4xx_hal_tim_ex.o
                0x080024a0                HAL_TIMEx_CommutCallback
 .text.HAL_TIMEx_BreakCallback
                0x080024b4       0x14 ./Drivers/STM32F4xx_HAL_Driver/Src/stm32f4xx_hal_tim_ex.o
                0x080024b4                HAL_TIMEx_BreakCallback
 .text.HAL_UART_Init
                0x080024c8       0xa0 ./Drivers/STM32F4xx_HAL_Driver/Src/stm32f4xx_hal_uart.o
                0x080024c8                HAL_UART_Init
 .text.UART_SetConfig
                0x08002568      0x4e8 ./Drivers/STM32F4xx_HAL_Driver/Src/stm32f4xx_hal_uart.o
 .text.vListInitialise
                0x08002a50       0x40 ./Thirdparty/FreeRTOS/list.o
                0x08002a50                vListInitialise
 .text.vListInitialiseItem
                0x08002a90       0x1a ./Thirdparty/FreeRTOS/list.o
                0x08002a90                vListInitialiseItem
 .text.vListInsert
                0x08002aaa       0x72 ./Thirdparty/FreeRTOS/list.o
                0x08002aaa                vListInsert
 .text.uxListRemove
                0x08002b1c       0x54 ./Thirdparty/FreeRTOS/list.o
                0x08002b1c                uxListRemove
 .text.xQueueGenericReset
                0x08002b70      0x108 ./Thirdparty/FreeRTOS/queue.o
                0x08002b70                xQueueGenericReset
 .text.xQueueGenericCreate
                0x08002c78       0x9e ./Thirdparty/FreeRTOS/queue.o
                0x08002c78                xQueueGenericCreate
 .text.prvInitialiseNewQueue
                0x08002d16       0x46 ./Thirdparty/FreeRTOS/queue.o
 .text.xQueueReceive
                0x08002d5c      0x1b0 ./Thirdparty/FreeRTOS/queue.o
                0x08002d5c                xQueueReceive
 .text.prvCopyDataFromQueue
                0x08002f0c       0x4c ./Thirdparty/FreeRTOS/queue.o
 .text.prvUnlockQueue
                0x08002f58       0xa4 ./Thirdparty/FreeRTOS/queue.o
 .text.prvIsQueueEmpty
                0x08002ffc       0x2c ./Thirdparty/FreeRTOS/queue.o
 .text.vQueueAddToRegistry
                0x08003028       0xa0 ./Thirdparty/FreeRTOS/queue.o
                0x08003028                vQueueAddToRegistry
 .text.vQueueWaitForMessageRestricted
                0x080030c8       0x68 ./Thirdparty/FreeRTOS/queue.o
                0x080030c8                vQueueWaitForMessageRestricted
 .text.prvCreateTask
                0x08003130       0x78 ./Thirdparty/FreeRTOS/tasks.o
 .text.xTaskCreate
                0x080031a8       0x46 ./Thirdparty/FreeRTOS/tasks.o
                0x080031a8                xTaskCreate
 .text.prvInitialiseNewTask
                0x080031ee      0x14a ./Thirdparty/FreeRTOS/tasks.o
 .text.prvAddNewTaskToReadyList
                0x08003338      0x10c ./Thirdparty/FreeRTOS/tasks.o
 .text.prvCreateIdleTasks
                0x08003444       0xa8 ./Thirdparty/FreeRTOS/tasks.o
 .text.vTaskStartScheduler
                0x080034ec       0x88 ./Thirdparty/FreeRTOS/tasks.o
                0x080034ec                vTaskStartScheduler
 .text.vTaskSuspendAll
                0x08003574       0x1c ./Thirdparty/FreeRTOS/tasks.o
                0x08003574                vTaskSuspendAll
 .text.xTaskResumeAll
                0x08003590      0x1f0 ./Thirdparty/FreeRTOS/tasks.o
                0x08003590                xTaskResumeAll
 .text.xTaskGetTickCount
                0x08003780       0x20 ./Thirdparty/FreeRTOS/tasks.o
                0x08003780                xTaskGetTickCount
 .text.xTaskIncrementTick
                0x080037a0      0x1ec ./Thirdparty/FreeRTOS/tasks.o
                0x080037a0                xTaskIncrementTick
 .text.vTaskSwitchContext
                0x0800398c       0xbc ./Thirdparty/FreeRTOS/tasks.o
                0x0800398c                vTaskSwitchContext
 .text.vTaskPlaceOnEventList
                0x08003a48       0x4c ./Thirdparty/FreeRTOS/tasks.o
                0x08003a48                vTaskPlaceOnEventList
 .text.vTaskPlaceOnEventListRestricted
                0x08003a94       0x8c ./Thirdparty/FreeRTOS/tasks.o
                0x08003a94                vTaskPlaceOnEventListRestricted
 .text.xTaskRemoveFromEventList
                0x08003b20      0x1b4 ./Thirdparty/FreeRTOS/tasks.o
                0x08003b20                xTaskRemoveFromEventList
 .text.vTaskInternalSetTimeOutState
                0x08003cd4       0x2c ./Thirdparty/FreeRTOS/tasks.o
                0x08003cd4                vTaskInternalSetTimeOutState
 .text.xTaskCheckForTimeOut
                0x08003d00       0xd0 ./Thirdparty/FreeRTOS/tasks.o
                0x08003d00                xTaskCheckForTimeOut
 .text.vTaskMissedYield
                0x08003dd0       0x18 ./Thirdparty/FreeRTOS/tasks.o
                0x08003dd0                vTaskMissedYield
 .text.prvIdleTask
                0x08003de8       0x24 ./Thirdparty/FreeRTOS/tasks.o
 .text.prvInitialiseTaskLists
                0x08003e0c       0x80 ./Thirdparty/FreeRTOS/tasks.o
 .text.prvCheckTasksWaitingTermination
                0x08003e8c       0x5c ./Thirdparty/FreeRTOS/tasks.o
 .text.prvDeleteTCB
                0x08003ee8       0x20 ./Thirdparty/FreeRTOS/tasks.o
 .text.prvResetNextTaskUnblockTime
                0x08003f08       0x38 ./Thirdparty/FreeRTOS/tasks.o
 .text.xTaskGetSchedulerState
                0x08003f40       0x3c ./Thirdparty/FreeRTOS/tasks.o
                0x08003f40                xTaskGetSchedulerState
 .text.prvAddCurrentTaskToDelayedList
                0x08003f7c      0x104 ./Thirdparty/FreeRTOS/tasks.o
 .text.xTimerCreateTimerTask
                0x08004080       0x68 ./Thirdparty/FreeRTOS/timers.o
                0x08004080                xTimerCreateTimerTask
 .text.prvReloadTimer
                0x080040e8       0x42 ./Thirdparty/FreeRTOS/timers.o
 *fill*         0x0800412a        0x2 
 .text.prvProcessExpiredTimer
                0x0800412c       0x60 ./Thirdparty/FreeRTOS/timers.o
 .text.prvTimerTask
                0x0800418c       0x26 ./Thirdparty/FreeRTOS/timers.o
 *fill*         0x080041b2        0x2 
 .text.prvProcessTimerOrBlockTask
                0x080041b4       0x9c ./Thirdparty/FreeRTOS/timers.o
 .text.prvGetNextExpireTime
                0x08004250       0x48 ./Thirdparty/FreeRTOS/timers.o
 .text.prvSampleTimeNow
                0x08004298       0x40 ./Thirdparty/FreeRTOS/timers.o
 .text.prvInsertTimerInActiveList
                0x080042d8       0x84 ./Thirdparty/FreeRTOS/timers.o
 .text.prvProcessReceivedCommands
                0x0800435c      0x198 ./Thirdparty/FreeRTOS/timers.o
 .text.prvSwitchTimerLists
                0x080044f4       0x4c ./Thirdparty/FreeRTOS/timers.o
 .text.prvCheckForValidListAndQueue
                0x08004540       0x6c ./Thirdparty/FreeRTOS/timers.o
 .text.pxPortInitialiseStack
                0x080045ac       0x68 ./Thirdparty/FreeRTOS/portable/GCC/ARM_CM4F/port.o
                0x080045ac                pxPortInitialiseStack
 .text.prvTaskExitError
                0x08004614       0x5c ./Thirdparty/FreeRTOS/portable/GCC/ARM_CM4F/port.o
 .text.SVC_Handler
                0x08004670       0x24 ./Thirdparty/FreeRTOS/portable/GCC/ARM_CM4F/port.o
                0x08004670                SVC_Handler
 .text.prvPortStartFirstTask
                0x08004694       0x2c ./Thirdparty/FreeRTOS/portable/GCC/ARM_CM4F/port.o
 .text.xPortStartScheduler
                0x080046c0      0x1e0 ./Thirdparty/FreeRTOS/portable/GCC/ARM_CM4F/port.o
                0x080046c0                xPortStartScheduler
 .text.vPortEnterCritical
                0x080048a0       0x64 ./Thirdparty/FreeRTOS/portable/GCC/ARM_CM4F/port.o
                0x080048a0                vPortEnterCritical
 .text.vPortExitCritical
                0x08004904       0x54 ./Thirdparty/FreeRTOS/portable/GCC/ARM_CM4F/port.o
                0x08004904                vPortExitCritical
 .text.PendSV_Handler
                0x08004958       0x64 ./Thirdparty/FreeRTOS/portable/GCC/ARM_CM4F/port.o
                0x08004958                PendSV_Handler
 .text.SysTick_Handler
                0x080049bc       0x44 ./Thirdparty/FreeRTOS/portable/GCC/ARM_CM4F/port.o
                0x080049bc                SysTick_Handler
 .text.vPortSetupTimerInterrupt
                0x08004a00       0x48 ./Thirdparty/FreeRTOS/portable/GCC/ARM_CM4F/port.o
                0x08004a00                vPortSetupTimerInterrupt
 .text.vPortEnableVFP
                0x08004a48       0x18 ./Thirdparty/FreeRTOS/portable/GCC/ARM_CM4F/port.o
 .text.pvPortMalloc
                0x08004a60      0x270 ./Thirdparty/FreeRTOS/portable/MemMang/heap_4.o
                0x08004a60                pvPortMalloc
 .text.vPortFree
                0x08004cd0       0xec ./Thirdparty/FreeRTOS/portable/MemMang/heap_4.o
                0x08004cd0                vPortFree
 .text.prvHeapInit
                0x08004dbc       0xb4 ./Thirdparty/FreeRTOS/portable/MemMang/heap_4.o
 .text.prvInsertBlockIntoFreeList
                0x08004e70       0xf4 ./Thirdparty/FreeRTOS/portable/MemMang/heap_4.o
 .text.std      0x08004f64       0x6c C:/ST/STM32CubeIDE_1.19.0/STM32CubeIDE/plugins/com.st.stm32cube.ide.mcu.externaltools.gnu-tools-for-stm32.13.3.rel1.win32_1.0.0.202411081344/tools/bin/../lib/gcc/arm-none-eabi/13.3.1/../../../../arm-none-eabi/lib/thumb/v7e-m+fp/hard\libc_nano.a(libc_a-findfp.o)
 .text.stdio_exit_handler
                0x08004fd0       0x18 C:/ST/STM32CubeIDE_1.19.0/STM32CubeIDE/plugins/com.st.stm32cube.ide.mcu.externaltools.gnu-tools-for-stm32.13.3.rel1.win32_1.0.0.202411081344/tools/bin/../lib/gcc/arm-none-eabi/13.3.1/../../../../arm-none-eabi/lib/thumb/v7e-m+fp/hard\libc_nano.a(libc_a-findfp.o)
 .text.cleanup_stdio
                0x08004fe8       0x40 C:/ST/STM32CubeIDE_1.19.0/STM32CubeIDE/plugins/com.st.stm32cube.ide.mcu.externaltools.gnu-tools-for-stm32.13.3.rel1.win32_1.0.0.202411081344/tools/bin/../lib/gcc/arm-none-eabi/13.3.1/../../../../arm-none-eabi/lib/thumb/v7e-m+fp/hard\libc_nano.a(libc_a-findfp.o)
 .text.global_stdio_init.part.0
                0x08005028       0x3c C:/ST/STM32CubeIDE_1.19.0/STM32CubeIDE/plugins/com.st.stm32cube.ide.mcu.externaltools.gnu-tools-for-stm32.13.3.rel1.win32_1.0.0.202411081344/tools/bin/../lib/gcc/arm-none-eabi/13.3.1/../../../../arm-none-eabi/lib/thumb/v7e-m+fp/hard\libc_nano.a(libc_a-findfp.o)
 .text.__sfp_lock_acquire
                0x08005064        0xc C:/ST/STM32CubeIDE_1.19.0/STM32CubeIDE/plugins/com.st.stm32cube.ide.mcu.externaltools.gnu-tools-for-stm32.13.3.rel1.win32_1.0.0.202411081344/tools/bin/../lib/gcc/arm-none-eabi/13.3.1/../../../../arm-none-eabi/lib/thumb/v7e-m+fp/hard\libc_nano.a(libc_a-findfp.o)
                0x08005064                __sfp_lock_acquire
 .text.__sfp_lock_release
                0x08005070        0xc C:/ST/STM32CubeIDE_1.19.0/STM32CubeIDE/plugins/com.st.stm32cube.ide.mcu.externaltools.gnu-tools-for-stm32.13.3.rel1.win32_1.0.0.202411081344/tools/bin/../lib/gcc/arm-none-eabi/13.3.1/../../../../arm-none-eabi/lib/thumb/v7e-m+fp/hard\libc_nano.a(libc_a-findfp.o)
                0x08005070                __sfp_lock_release
 .text.__sinit  0x0800507c       0x30 C:/ST/STM32CubeIDE_1.19.0/STM32CubeIDE/plugins/com.st.stm32cube.ide.mcu.externaltools.gnu-tools-for-stm32.13.3.rel1.win32_1.0.0.202411081344/tools/bin/../lib/gcc/arm-none-eabi/13.3.1/../../../../arm-none-eabi/lib/thumb/v7e-m+fp/hard\libc_nano.a(libc_a-findfp.o)
                0x0800507c                __sinit
 .text._fwalk_sglue
                0x080050ac       0x3c C:/ST/STM32CubeIDE_1.19.0/STM32CubeIDE/plugins/com.st.stm32cube.ide.mcu.externaltools.gnu-tools-for-stm32.13.3.rel1.win32_1.0.0.202411081344/tools/bin/../lib/gcc/arm-none-eabi/13.3.1/../../../../arm-none-eabi/lib/thumb/v7e-m+fp/hard\libc_nano.a(libc_a-fwalk.o)
                0x080050ac                _fwalk_sglue
 .text._puts_r  0x080050e8       0xaa C:/ST/STM32CubeIDE_1.19.0/STM32CubeIDE/plugins/com.st.stm32cube.ide.mcu.externaltools.gnu-tools-for-stm32.13.3.rel1.win32_1.0.0.202411081344/tools/bin/../lib/gcc/arm-none-eabi/13.3.1/../../../../arm-none-eabi/lib/thumb/v7e-m+fp/hard\libc_nano.a(libc_a-puts.o)
                0x080050e8                _puts_r
 *fill*         0x08005192        0x2 
 .text.puts     0x08005194       0x10 C:/ST/STM32CubeIDE_1.19.0/STM32CubeIDE/plugins/com.st.stm32cube.ide.mcu.externaltools.gnu-tools-for-stm32.13.3.rel1.win32_1.0.0.202411081344/tools/bin/../lib/gcc/arm-none-eabi/13.3.1/../../../../arm-none-eabi/lib/thumb/v7e-m+fp/hard\libc_nano.a(libc_a-puts.o)
                0x08005194                puts
 .text.__sread  0x080051a4       0x22 C:/ST/STM32CubeIDE_1.19.0/STM32CubeIDE/plugins/com.st.stm32cube.ide.mcu.externaltools.gnu-tools-for-stm32.13.3.rel1.win32_1.0.0.202411081344/tools/bin/../lib/gcc/arm-none-eabi/13.3.1/../../../../arm-none-eabi/lib/thumb/v7e-m+fp/hard\libc_nano.a(libc_a-stdio.o)
                0x080051a4                __sread
 .text.__swrite
                0x080051c6       0x38 C:/ST/STM32CubeIDE_1.19.0/STM32CubeIDE/plugins/com.st.stm32cube.ide.mcu.externaltools.gnu-tools-for-stm32.13.3.rel1.win32_1.0.0.202411081344/tools/bin/../lib/gcc/arm-none-eabi/13.3.1/../../../../arm-none-eabi/lib/thumb/v7e-m+fp/hard\libc_nano.a(libc_a-stdio.o)
                0x080051c6                __swrite
 .text.__sseek  0x080051fe       0x24 C:/ST/STM32CubeIDE_1.19.0/STM32CubeIDE/plugins/com.st.stm32cube.ide.mcu.externaltools.gnu-tools-for-stm32.13.3.rel1.win32_1.0.0.202411081344/tools/bin/../lib/gcc/arm-none-eabi/13.3.1/../../../../arm-none-eabi/lib/thumb/v7e-m+fp/hard\libc_nano.a(libc_a-stdio.o)
                0x080051fe                __sseek
 .text.__sclose
                0x08005222        0x8 C:/ST/STM32CubeIDE_1.19.0/STM32CubeIDE/plugins/com.st.stm32cube.ide.mcu.externaltools.gnu-tools-for-stm32.13.3.rel1.win32_1.0.0.202411081344/tools/bin/../lib/gcc/arm-none-eabi/13.3.1/../../../../arm-none-eabi/lib/thumb/v7e-m+fp/hard\libc_nano.a(libc_a-stdio.o)
                0x08005222                __sclose
 .text.__swbuf_r
                0x0800522a       0x7c C:/ST/STM32CubeIDE_1.19.0/STM32CubeIDE/plugins/com.st.stm32cube.ide.mcu.externaltools.gnu-tools-for-stm32.13.3.rel1.win32_1.0.0.202411081344/tools/bin/../lib/gcc/arm-none-eabi/13.3.1/../../../../arm-none-eabi/lib/thumb/v7e-m+fp/hard\libc_nano.a(libc_a-wbuf.o)
                0x0800522a                __swbuf_r
 *fill*         0x080052a6        0x2 
 .text.__swsetup_r
                0x080052a8       0xac C:/ST/STM32CubeIDE_1.19.0/STM32CubeIDE/plugins/com.st.stm32cube.ide.mcu.externaltools.gnu-tools-for-stm32.13.3.rel1.win32_1.0.0.202411081344/tools/bin/../lib/gcc/arm-none-eabi/13.3.1/../../../../arm-none-eabi/lib/thumb/v7e-m+fp/hard\libc_nano.a(libc_a-wsetup.o)
                0x080052a8                __swsetup_r
 .text.memset   0x08005354       0x10 C:/ST/STM32CubeIDE_1.19.0/STM32CubeIDE/plugins/com.st.stm32cube.ide.mcu.externaltools.gnu-tools-for-stm32.13.3.rel1.win32_1.0.0.202411081344/tools/bin/../lib/gcc/arm-none-eabi/13.3.1/../../../../arm-none-eabi/lib/thumb/v7e-m+fp/hard\libc_nano.a(libc_a-memset.o)
                0x08005354                memset
 .text._close_r
                0x08005364       0x20 C:/ST/STM32CubeIDE_1.19.0/STM32CubeIDE/plugins/com.st.stm32cube.ide.mcu.externaltools.gnu-tools-for-stm32.13.3.rel1.win32_1.0.0.202411081344/tools/bin/../lib/gcc/arm-none-eabi/13.3.1/../../../../arm-none-eabi/lib/thumb/v7e-m+fp/hard\libc_nano.a(libc_a-closer.o)
                0x08005364                _close_r
 .text._lseek_r
                0x08005384       0x24 C:/ST/STM32CubeIDE_1.19.0/STM32CubeIDE/plugins/com.st.stm32cube.ide.mcu.externaltools.gnu-tools-for-stm32.13.3.rel1.win32_1.0.0.202411081344/tools/bin/../lib/gcc/arm-none-eabi/13.3.1/../../../../arm-none-eabi/lib/thumb/v7e-m+fp/hard\libc_nano.a(libc_a-lseekr.o)
                0x08005384                _lseek_r
 .text._read_r  0x080053a8       0x24 C:/ST/STM32CubeIDE_1.19.0/STM32CubeIDE/plugins/com.st.stm32cube.ide.mcu.externaltools.gnu-tools-for-stm32.13.3.rel1.win32_1.0.0.202411081344/tools/bin/../lib/gcc/arm-none-eabi/13.3.1/../../../../arm-none-eabi/lib/thumb/v7e-m+fp/hard\libc_nano.a(libc_a-readr.o)
                0x080053a8                _read_r
 .text._write_r
                0x080053cc       0x24 C:/ST/STM32CubeIDE_1.19.0/STM32CubeIDE/plugins/com.st.stm32cube.ide.mcu.externaltools.gnu-tools-for-stm32.13.3.rel1.win32_1.0.0.202411081344/tools/bin/../lib/gcc/arm-none-eabi/13.3.1/../../../../arm-none-eabi/lib/thumb/v7e-m+fp/hard\libc_nano.a(libc_a-writer.o)
                0x080053cc                _write_r
 .text.__errno  0x080053f0        0xc C:/ST/STM32CubeIDE_1.19.0/STM32CubeIDE/plugins/com.st.stm32cube.ide.mcu.externaltools.gnu-tools-for-stm32.13.3.rel1.win32_1.0.0.202411081344/tools/bin/../lib/gcc/arm-none-eabi/13.3.1/../../../../arm-none-eabi/lib/thumb/v7e-m+fp/hard\libc_nano.a(libc_a-errno.o)
                0x080053f0                __errno
 .text.__libc_init_array
                0x080053fc       0x48 C:/ST/STM32CubeIDE_1.19.0/STM32CubeIDE/plugins/com.st.stm32cube.ide.mcu.externaltools.gnu-tools-for-stm32.13.3.rel1.win32_1.0.0.202411081344/tools/bin/../lib/gcc/arm-none-eabi/13.3.1/../../../../arm-none-eabi/lib/thumb/v7e-m+fp/hard\libc_nano.a(libc_a-init.o)
                0x080053fc                __libc_init_array
 .text.__retarget_lock_init_recursive
                0x08005444        0x2 C:/ST/STM32CubeIDE_1.19.0/STM32CubeIDE/plugins/com.st.stm32cube.ide.mcu.externaltools.gnu-tools-for-stm32.13.3.rel1.win32_1.0.0.202411081344/tools/bin/../lib/gcc/arm-none-eabi/13.3.1/../../../../arm-none-eabi/lib/thumb/v7e-m+fp/hard\libc_nano.a(libc_a-lock.o)
                0x08005444                __retarget_lock_init_recursive
 .text.__retarget_lock_acquire_recursive
                0x08005446        0x2 C:/ST/STM32CubeIDE_1.19.0/STM32CubeIDE/plugins/com.st.stm32cube.ide.mcu.externaltools.gnu-tools-for-stm32.13.3.rel1.win32_1.0.0.202411081344/tools/bin/../lib/gcc/arm-none-eabi/13.3.1/../../../../arm-none-eabi/lib/thumb/v7e-m+fp/hard\libc_nano.a(libc_a-lock.o)
                0x08005446                __retarget_lock_acquire_recursive
 .text.__retarget_lock_release_recursive
                0x08005448        0x2 C:/ST/STM32CubeIDE_1.19.0/STM32CubeIDE/plugins/com.st.stm32cube.ide.mcu.externaltools.gnu-tools-for-stm32.13.3.rel1.win32_1.0.0.202411081344/tools/bin/../lib/gcc/arm-none-eabi/13.3.1/../../../../arm-none-eabi/lib/thumb/v7e-m+fp/hard\libc_nano.a(libc_a-lock.o)
                0x08005448                __retarget_lock_release_recursive
 .text.memcpy   0x0800544a       0x1c C:/ST/STM32CubeIDE_1.19.0/STM32CubeIDE/plugins/com.st.stm32cube.ide.mcu.externaltools.gnu-tools-for-stm32.13.3.rel1.win32_1.0.0.202411081344/tools/bin/../lib/gcc/arm-none-eabi/13.3.1/../../../../arm-none-eabi/lib/thumb/v7e-m+fp/hard\libc_nano.a(libc_a-memcpy-stub.o)
                0x0800544a                memcpy
 *fill*         0x08005466        0x2 
 .text._free_r  0x08005468       0x94 C:/ST/STM32CubeIDE_1.19.0/STM32CubeIDE/plugins/com.st.stm32cube.ide.mcu.externaltools.gnu-tools-for-stm32.13.3.rel1.win32_1.0.0.202411081344/tools/bin/../lib/gcc/arm-none-eabi/13.3.1/../../../../arm-none-eabi/lib/thumb/v7e-m+fp/hard\libc_nano.a(libc_a-freer.o)
                0x08005468                _free_r
 .text.sbrk_aligned
                0x080054fc       0x44 C:/ST/STM32CubeIDE_1.19.0/STM32CubeIDE/plugins/com.st.stm32cube.ide.mcu.externaltools.gnu-tools-for-stm32.13.3.rel1.win32_1.0.0.202411081344/tools/bin/../lib/gcc/arm-none-eabi/13.3.1/../../../../arm-none-eabi/lib/thumb/v7e-m+fp/hard\libc_nano.a(libc_a-mallocr.o)
 .text._malloc_r
                0x08005540      0x100 C:/ST/STM32CubeIDE_1.19.0/STM32CubeIDE/plugins/com.st.stm32cube.ide.mcu.externaltools.gnu-tools-for-stm32.13.3.rel1.win32_1.0.0.202411081344/tools/bin/../lib/gcc/arm-none-eabi/13.3.1/../../../../arm-none-eabi/lib/thumb/v7e-m+fp/hard\libc_nano.a(libc_a-mallocr.o)
                0x08005540                _malloc_r
 .text.__malloc_lock
                0x08005640        0xc C:/ST/STM32CubeIDE_1.19.0/STM32CubeIDE/plugins/com.st.stm32cube.ide.mcu.externaltools.gnu-tools-for-stm32.13.3.rel1.win32_1.0.0.202411081344/tools/bin/../lib/gcc/arm-none-eabi/13.3.1/../../../../arm-none-eabi/lib/thumb/v7e-m+fp/hard\libc_nano.a(libc_a-mlock.o)
                0x08005640                __malloc_lock
 .text.__malloc_unlock
                0x0800564c        0xc C:/ST/STM32CubeIDE_1.19.0/STM32CubeIDE/plugins/com.st.stm32cube.ide.mcu.externaltools.gnu-tools-for-stm32.13.3.rel1.win32_1.0.0.202411081344/tools/bin/../lib/gcc/arm-none-eabi/13.3.1/../../../../arm-none-eabi/lib/thumb/v7e-m+fp/hard\libc_nano.a(libc_a-mlock.o)
                0x0800564c                __malloc_unlock
 .text.__sflush_r
                0x08005658      0x108 C:/ST/STM32CubeIDE_1.19.0/STM32CubeIDE/plugins/com.st.stm32cube.ide.mcu.externaltools.gnu-tools-for-stm32.13.3.rel1.win32_1.0.0.202411081344/tools/bin/../lib/gcc/arm-none-eabi/13.3.1/../../../../arm-none-eabi/lib/thumb/v7e-m+fp/hard\libc_nano.a(libc_a-fflush.o)
                0x08005658                __sflush_r
 .text._fflush_r
                0x08005760       0x50 C:/ST/STM32CubeIDE_1.19.0/STM32CubeIDE/plugins/com.st.stm32cube.ide.mcu.externaltools.gnu-tools-for-stm32.13.3.rel1.win32_1.0.0.202411081344/tools/bin/../lib/gcc/arm-none-eabi/13.3.1/../../../../arm-none-eabi/lib/thumb/v7e-m+fp/hard\libc_nano.a(libc_a-fflush.o)
                0x08005760                _fflush_r
 .text.__swhatbuf_r
                0x080057b0       0x4c C:/ST/STM32CubeIDE_1.19.0/STM32CubeIDE/plugins/com.st.stm32cube.ide.mcu.externaltools.gnu-tools-for-stm32.13.3.rel1.win32_1.0.0.202411081344/tools/bin/../lib/gcc/arm-none-eabi/13.3.1/../../../../arm-none-eabi/lib/thumb/v7e-m+fp/hard\libc_nano.a(libc_a-makebuf.o)
                0x080057b0                __swhatbuf_r
 .text.__smakebuf_r
                0x080057fc       0x78 C:/ST/STM32CubeIDE_1.19.0/STM32CubeIDE/plugins/com.st.stm32cube.ide.mcu.externaltools.gnu-tools-for-stm32.13.3.rel1.win32_1.0.0.202411081344/tools/bin/../lib/gcc/arm-none-eabi/13.3.1/../../../../arm-none-eabi/lib/thumb/v7e-m+fp/hard\libc_nano.a(libc_a-makebuf.o)
                0x080057fc                __smakebuf_r
 .text._fstat_r
                0x08005874       0x24 C:/ST/STM32CubeIDE_1.19.0/STM32CubeIDE/plugins/com.st.stm32cube.ide.mcu.externaltools.gnu-tools-for-stm32.13.3.rel1.win32_1.0.0.202411081344/tools/bin/../lib/gcc/arm-none-eabi/13.3.1/../../../../arm-none-eabi/lib/thumb/v7e-m+fp/hard\libc_nano.a(libc_a-fstatr.o)
                0x08005874                _fstat_r
 .text._isatty_r
                0x08005898       0x20 C:/ST/STM32CubeIDE_1.19.0/STM32CubeIDE/plugins/com.st.stm32cube.ide.mcu.externaltools.gnu-tools-for-stm32.13.3.rel1.win32_1.0.0.202411081344/tools/bin/../lib/gcc/arm-none-eabi/13.3.1/../../../../arm-none-eabi/lib/thumb/v7e-m+fp/hard\libc_nano.a(libc_a-isattyr.o)
                0x08005898                _isatty_r
 .text._sbrk_r  0x080058b8       0x20 C:/ST/STM32CubeIDE_1.19.0/STM32CubeIDE/plugins/com.st.stm32cube.ide.mcu.externaltools.gnu-tools-for-stm32.13.3.rel1.win32_1.0.0.202411081344/tools/bin/../lib/gcc/arm-none-eabi/13.3.1/../../../../arm-none-eabi/lib/thumb/v7e-m+fp/hard\libc_nano.a(libc_a-sbrkr.o)
                0x080058b8                _sbrk_r
 *(.glue_7)
 .glue_7        0x080058d8        0x0 linker stubs
 *(.glue_7t)
 .glue_7t       0x080058d8        0x0 linker stubs
 *(.eh_frame)
 .eh_frame      0x080058d8        0x0 C:/ST/STM32CubeIDE_1.19.0/STM32CubeIDE/plugins/com.st.stm32cube.ide.mcu.externaltools.gnu-tools-for-stm32.13.3.rel1.win32_1.0.0.202411081344/tools/bin/../lib/gcc/arm-none-eabi/13.3.1/thumb/v7e-m+fp/hard/crtbegin.o
 *(.init)
 .init          0x080058d8        0x4 C:/ST/STM32CubeIDE_1.19.0/STM32CubeIDE/plugins/com.st.stm32cube.ide.mcu.externaltools.gnu-tools-for-stm32.13.3.rel1.win32_1.0.0.202411081344/tools/bin/../lib/gcc/arm-none-eabi/13.3.1/thumb/v7e-m+fp/hard/crti.o
                0x080058d8                _init
 .init          0x080058dc        0x8 C:/ST/STM32CubeIDE_1.19.0/STM32CubeIDE/plugins/com.st.stm32cube.ide.mcu.externaltools.gnu-tools-for-stm32.13.3.rel1.win32_1.0.0.202411081344/tools/bin/../lib/gcc/arm-none-eabi/13.3.1/thumb/v7e-m+fp/hard/crtn.o
 *(.fini)
 .fini          0x080058e4        0x4 C:/ST/STM32CubeIDE_1.19.0/STM32CubeIDE/plugins/com.st.stm32cube.ide.mcu.externaltools.gnu-tools-for-stm32.13.3.rel1.win32_1.0.0.202411081344/tools/bin/../lib/gcc/arm-none-eabi/13.3.1/thumb/v7e-m+fp/hard/crti.o
                0x080058e4                _fini
 .fini          0x080058e8        0x8 C:/ST/STM32CubeIDE_1.19.0/STM32CubeIDE/plugins/com.st.stm32cube.ide.mcu.externaltools.gnu-tools-for-stm32.13.3.rel1.win32_1.0.0.202411081344/tools/bin/../lib/gcc/arm-none-eabi/13.3.1/thumb/v7e-m+fp/hard/crtn.o
                0x080058f0                        . = ALIGN (0x4)
                0x080058f0                        _etext = .

.vfp11_veneer   0x080058f0        0x0
 .vfp11_veneer  0x080058f0        0x0 linker stubs

.v4_bx          0x080058f0        0x0
 .v4_bx         0x080058f0        0x0 linker stubs

.iplt           0x080058f0        0x0
 .iplt          0x080058f0        0x0 C:/ST/STM32CubeIDE_1.19.0/STM32CubeIDE/plugins/com.st.stm32cube.ide.mcu.externaltools.gnu-tools-for-stm32.13.3.rel1.win32_1.0.0.202411081344/tools/bin/../lib/gcc/arm-none-eabi/13.3.1/thumb/v7e-m+fp/hard/crtbegin.o

.rodata         0x080058f0       0x84
                0x080058f0                        . = ALIGN (0x4)
 *(.rodata)
 .rodata        0x080058f0       0x4e ./Core/Src/main.o
 *fill*         0x0800593e        0x2 
 .rodata        0x08005940        0x5 ./Thirdparty/FreeRTOS/tasks.o
 *fill*         0x08005945        0x3 
 .rodata        0x08005948        0xd ./Thirdparty/FreeRTOS/timers.o
 *(.rodata*)
 *fill*         0x08005955        0x3 
 .rodata.AHBPrescTable
                0x08005958       0x10 ./Core/Src/system_stm32f4xx.o
                0x08005958                AHBPrescTable
 .rodata.APBPrescTable
                0x08005968        0x8 ./Core/Src/system_stm32f4xx.o
                0x08005968                APBPrescTable
 .rodata.uxTopUsedPriority
                0x08005970        0x4 ./Thirdparty/FreeRTOS/tasks.o
                0x08005974                        . = ALIGN (0x4)

.ARM.extab      0x08005974        0x0
                0x08005974                        . = ALIGN (0x4)
 *(.ARM.extab* .gnu.linkonce.armextab.*)
                0x08005974                        . = ALIGN (0x4)

.ARM            0x08005974        0x8
                0x08005974                        . = ALIGN (0x4)
                0x08005974                        __exidx_start = .
 *(.ARM.exidx*)
 .ARM.exidx     0x08005974        0x8 C:/ST/STM32CubeIDE_1.19.0/STM32CubeIDE/plugins/com.st.stm32cube.ide.mcu.externaltools.gnu-tools-for-stm32.13.3.rel1.win32_1.0.0.202411081344/tools/bin/../lib/gcc/arm-none-eabi/13.3.1/thumb/v7e-m+fp/hard\libgcc.a(_udivmoddi4.o)
                0x0800597c                        __exidx_end = .
                0x0800597c                        . = ALIGN (0x4)

.preinit_array  0x0800597c        0x0
                0x0800597c                        . = ALIGN (0x4)
                0x0800597c                        PROVIDE (__preinit_array_start = .)
 *(.preinit_array*)
                0x0800597c                        PROVIDE (__preinit_array_end = .)
                0x0800597c                        . = ALIGN (0x4)

.init_array     0x0800597c        0x4
                0x0800597c                        . = ALIGN (0x4)
                0x0800597c                        PROVIDE (__init_array_start = .)
 *(SORT_BY_NAME(.init_array.*))
 *(.init_array*)
 .init_array    0x0800597c        0x4 C:/ST/STM32CubeIDE_1.19.0/STM32CubeIDE/plugins/com.st.stm32cube.ide.mcu.externaltools.gnu-tools-for-stm32.13.3.rel1.win32_1.0.0.202411081344/tools/bin/../lib/gcc/arm-none-eabi/13.3.1/thumb/v7e-m+fp/hard/crtbegin.o
                0x08005980                        PROVIDE (__init_array_end = .)
                0x08005980                        . = ALIGN (0x4)

.fini_array     0x08005980        0x4
                0x08005980                        . = ALIGN (0x4)
                [!provide]                        PROVIDE (__fini_array_start = .)
 *(SORT_BY_NAME(.fini_array.*))
 *(.fini_array*)
 .fini_array    0x08005980        0x4 C:/ST/STM32CubeIDE_1.19.0/STM32CubeIDE/plugins/com.st.stm32cube.ide.mcu.externaltools.gnu-tools-for-stm32.13.3.rel1.win32_1.0.0.202411081344/tools/bin/../lib/gcc/arm-none-eabi/13.3.1/thumb/v7e-m+fp/hard/crtbegin.o
                [!provide]                        PROVIDE (__fini_array_end = .)
                0x08005984                        . = ALIGN (0x4)
                0x08005984                        _sidata = LOADADDR (.data)

.rel.dyn        0x08005984        0x0
 .rel.iplt      0x08005984        0x0 C:/ST/STM32CubeIDE_1.19.0/STM32CubeIDE/plugins/com.st.stm32cube.ide.mcu.externaltools.gnu-tools-for-stm32.13.3.rel1.win32_1.0.0.202411081344/tools/bin/../lib/gcc/arm-none-eabi/13.3.1/thumb/v7e-m+fp/hard/crtbegin.o

.data           0x20000000       0x6c load address 0x08005984
                0x20000000                        . = ALIGN (0x4)
                0x20000000                        _sdata = .
 *(.data)
 *(.data*)
 .data.SystemCoreClock
                0x20000000        0x4 ./Core/Src/system_stm32f4xx.o
                0x20000000                SystemCoreClock
 .data.uwTickPrio
                0x20000004        0x4 ./Drivers/STM32F4xx_HAL_Driver/Src/stm32f4xx_hal.o
                0x20000004                uwTickPrio
 .data.uwTickFreq
                0x20000008        0x1 ./Drivers/STM32F4xx_HAL_Driver/Src/stm32f4xx_hal.o
                0x20000008                uwTickFreq
 *fill*         0x20000009        0x3 
 .data.uxCriticalNesting
                0x2000000c        0x4 ./Thirdparty/FreeRTOS/portable/GCC/ARM_CM4F/port.o
 .data.__sglue  0x20000010        0xc C:/ST/STM32CubeIDE_1.19.0/STM32CubeIDE/plugins/com.st.stm32cube.ide.mcu.externaltools.gnu-tools-for-stm32.13.3.rel1.win32_1.0.0.202411081344/tools/bin/../lib/gcc/arm-none-eabi/13.3.1/../../../../arm-none-eabi/lib/thumb/v7e-m+fp/hard\libc_nano.a(libc_a-findfp.o)
                0x20000010                __sglue
 .data._impure_ptr
                0x2000001c        0x4 C:/ST/STM32CubeIDE_1.19.0/STM32CubeIDE/plugins/com.st.stm32cube.ide.mcu.externaltools.gnu-tools-for-stm32.13.3.rel1.win32_1.0.0.202411081344/tools/bin/../lib/gcc/arm-none-eabi/13.3.1/../../../../arm-none-eabi/lib/thumb/v7e-m+fp/hard\libc_nano.a(libc_a-impure.o)
                0x2000001c                _impure_ptr
 .data._impure_data
                0x20000020       0x4c C:/ST/STM32CubeIDE_1.19.0/STM32CubeIDE/plugins/com.st.stm32cube.ide.mcu.externaltools.gnu-tools-for-stm32.13.3.rel1.win32_1.0.0.202411081344/tools/bin/../lib/gcc/arm-none-eabi/13.3.1/../../../../arm-none-eabi/lib/thumb/v7e-m+fp/hard\libc_nano.a(libc_a-impure.o)
                0x20000020                _impure_data
 *(.RamFunc)
 *(.RamFunc*)
                0x2000006c                        . = ALIGN (0x4)
                0x2000006c                        _edata = .

.igot.plt       0x2000006c        0x0 load address 0x080059f0
 .igot.plt      0x2000006c        0x0 C:/ST/STM32CubeIDE_1.19.0/STM32CubeIDE/plugins/com.st.stm32cube.ide.mcu.externaltools.gnu-tools-for-stm32.13.3.rel1.win32_1.0.0.202411081344/tools/bin/../lib/gcc/arm-none-eabi/13.3.1/thumb/v7e-m+fp/hard/crtbegin.o
                0x2000006c                        . = ALIGN (0x4)

.bss            0x2000006c    0x12fa4 load address 0x080059f0
                0x2000006c                        _sbss = .
                0x2000006c                        __bss_start__ = _sbss
 *(.bss)
 .bss           0x2000006c       0x1c C:/ST/STM32CubeIDE_1.19.0/STM32CubeIDE/plugins/com.st.stm32cube.ide.mcu.externaltools.gnu-tools-for-stm32.13.3.rel1.win32_1.0.0.202411081344/tools/bin/../lib/gcc/arm-none-eabi/13.3.1/thumb/v7e-m+fp/hard/crtbegin.o
 *(.bss*)
 .bss.huart2    0x20000088       0x48 ./Core/Src/main.o
                0x20000088                huart2
 .bss.htim6     0x200000d0       0x48 ./Core/Src/stm32f4xx_hal_timebase_tim.o
                0x200000d0                htim6
 .bss.__sbrk_heap_end
                0x20000118        0x4 ./Core/Src/sysmem.o
 .bss.uwTick    0x2000011c        0x4 ./Drivers/STM32F4xx_HAL_Driver/Src/stm32f4xx_hal.o
                0x2000011c                uwTick
 .bss.xQueueRegistry
                0x20000120       0x40 ./Thirdparty/FreeRTOS/queue.o
                0x20000120                xQueueRegistry
 .bss.pxCurrentTCB
                0x20000160        0x4 ./Thirdparty/FreeRTOS/tasks.o
                0x20000160                pxCurrentTCB
 .bss.pxReadyTasksLists
                0x20000164       0x64 ./Thirdparty/FreeRTOS/tasks.o
 .bss.xDelayedTaskList1
                0x200001c8       0x14 ./Thirdparty/FreeRTOS/tasks.o
 .bss.xDelayedTaskList2
                0x200001dc       0x14 ./Thirdparty/FreeRTOS/tasks.o
 .bss.pxDelayedTaskList
                0x200001f0        0x4 ./Thirdparty/FreeRTOS/tasks.o
 .bss.pxOverflowDelayedTaskList
                0x200001f4        0x4 ./Thirdparty/FreeRTOS/tasks.o
 .bss.xPendingReadyList
                0x200001f8       0x14 ./Thirdparty/FreeRTOS/tasks.o
 .bss.xTasksWaitingTermination
                0x2000020c       0x14 ./Thirdparty/FreeRTOS/tasks.o
 .bss.uxDeletedTasksWaitingCleanUp
                0x20000220        0x4 ./Thirdparty/FreeRTOS/tasks.o
 .bss.xSuspendedTaskList
                0x20000224       0x14 ./Thirdparty/FreeRTOS/tasks.o
 .bss.uxCurrentNumberOfTasks
                0x20000238        0x4 ./Thirdparty/FreeRTOS/tasks.o
 .bss.xTickCount
                0x2000023c        0x4 ./Thirdparty/FreeRTOS/tasks.o
 .bss.uxTopReadyPriority
                0x20000240        0x4 ./Thirdparty/FreeRTOS/tasks.o
 .bss.xSchedulerRunning
                0x20000244        0x4 ./Thirdparty/FreeRTOS/tasks.o
 .bss.xPendedTicks
                0x20000248        0x4 ./Thirdparty/FreeRTOS/tasks.o
 .bss.xYieldPendings
                0x2000024c        0x4 ./Thirdparty/FreeRTOS/tasks.o
 .bss.xNumOfOverflows
                0x20000250        0x4 ./Thirdparty/FreeRTOS/tasks.o
 .bss.uxTaskNumber
                0x20000254        0x4 ./Thirdparty/FreeRTOS/tasks.o
 .bss.xNextTaskUnblockTime
                0x20000258        0x4 ./Thirdparty/FreeRTOS/tasks.o
 .bss.xIdleTaskHandles
                0x2000025c        0x4 ./Thirdparty/FreeRTOS/tasks.o
 .bss.uxSchedulerSuspended
                0x20000260        0x4 ./Thirdparty/FreeRTOS/tasks.o
 .bss.xActiveTimerList1
                0x20000264       0x14 ./Thirdparty/FreeRTOS/timers.o
 .bss.xActiveTimerList2
                0x20000278       0x14 ./Thirdparty/FreeRTOS/timers.o
 .bss.pxCurrentTimerList
                0x2000028c        0x4 ./Thirdparty/FreeRTOS/timers.o
 .bss.pxOverflowTimerList
                0x20000290        0x4 ./Thirdparty/FreeRTOS/timers.o
 .bss.xTimerQueue
                0x20000294        0x4 ./Thirdparty/FreeRTOS/timers.o
 .bss.xTimerTaskHandle
                0x20000298        0x4 ./Thirdparty/FreeRTOS/timers.o
 .bss.xLastTime.0
                0x2000029c        0x4 ./Thirdparty/FreeRTOS/timers.o
 .bss.ucMaxSysCallPriority
                0x200002a0        0x1 ./Thirdparty/FreeRTOS/portable/GCC/ARM_CM4F/port.o
 *fill*         0x200002a1        0x3 
 .bss.ulMaxPRIGROUPValue
                0x200002a4        0x4 ./Thirdparty/FreeRTOS/portable/GCC/ARM_CM4F/port.o
 .bss.ucHeap    0x200002a8    0x12c00 ./Thirdparty/FreeRTOS/portable/MemMang/heap_4.o
 .bss.xStart    0x20012ea8        0x8 ./Thirdparty/FreeRTOS/portable/MemMang/heap_4.o
 .bss.pxEnd     0x20012eb0        0x4 ./Thirdparty/FreeRTOS/portable/MemMang/heap_4.o
 .bss.xFreeBytesRemaining
                0x20012eb4        0x4 ./Thirdparty/FreeRTOS/portable/MemMang/heap_4.o
 .bss.xMinimumEverFreeBytesRemaining
                0x20012eb8        0x4 ./Thirdparty/FreeRTOS/portable/MemMang/heap_4.o
 .bss.xNumberOfSuccessfulAllocations
                0x20012ebc        0x4 ./Thirdparty/FreeRTOS/portable/MemMang/heap_4.o
 .bss.xNumberOfSuccessfulFrees
                0x20012ec0        0x4 ./Thirdparty/FreeRTOS/portable/MemMang/heap_4.o
 .bss.__sf      0x20012ec4      0x138 C:/ST/STM32CubeIDE_1.19.0/STM32CubeIDE/plugins/com.st.stm32cube.ide.mcu.externaltools.gnu-tools-for-stm32.13.3.rel1.win32_1.0.0.202411081344/tools/bin/../lib/gcc/arm-none-eabi/13.3.1/../../../../arm-none-eabi/lib/thumb/v7e-m+fp/hard\libc_nano.a(libc_a-findfp.o)
                0x20012ec4                __sf
 .bss.__stdio_exit_handler
                0x20012ffc        0x4 C:/ST/STM32CubeIDE_1.19.0/STM32CubeIDE/plugins/com.st.stm32cube.ide.mcu.externaltools.gnu-tools-for-stm32.13.3.rel1.win32_1.0.0.202411081344/tools/bin/../lib/gcc/arm-none-eabi/13.3.1/../../../../arm-none-eabi/lib/thumb/v7e-m+fp/hard\libc_nano.a(libc_a-findfp.o)
                0x20012ffc                __stdio_exit_handler
 .bss.errno     0x20013000        0x4 C:/ST/STM32CubeIDE_1.19.0/STM32CubeIDE/plugins/com.st.stm32cube.ide.mcu.externaltools.gnu-tools-for-stm32.13.3.rel1.win32_1.0.0.202411081344/tools/bin/../lib/gcc/arm-none-eabi/13.3.1/../../../../arm-none-eabi/lib/thumb/v7e-m+fp/hard\libc_nano.a(libc_a-reent.o)
                0x20013000                errno
 .bss.__lock___malloc_recursive_mutex
                0x20013004        0x1 C:/ST/STM32CubeIDE_1.19.0/STM32CubeIDE/plugins/com.st.stm32cube.ide.mcu.externaltools.gnu-tools-for-stm32.13.3.rel1.win32_1.0.0.202411081344/tools/bin/../lib/gcc/arm-none-eabi/13.3.1/../../../../arm-none-eabi/lib/thumb/v7e-m+fp/hard\libc_nano.a(libc_a-lock.o)
                0x20013004                __lock___malloc_recursive_mutex
 .bss.__lock___sfp_recursive_mutex
                0x20013005        0x1 C:/ST/STM32CubeIDE_1.19.0/STM32CubeIDE/plugins/com.st.stm32cube.ide.mcu.externaltools.gnu-tools-for-stm32.13.3.rel1.win32_1.0.0.202411081344/tools/bin/../lib/gcc/arm-none-eabi/13.3.1/../../../../arm-none-eabi/lib/thumb/v7e-m+fp/hard\libc_nano.a(libc_a-lock.o)
                0x20013005                __lock___sfp_recursive_mutex
 *fill*         0x20013006        0x2 
 .bss.__malloc_sbrk_start
                0x20013008        0x4 C:/ST/STM32CubeIDE_1.19.0/STM32CubeIDE/plugins/com.st.stm32cube.ide.mcu.externaltools.gnu-tools-for-stm32.13.3.rel1.win32_1.0.0.202411081344/tools/bin/../lib/gcc/arm-none-eabi/13.3.1/../../../../arm-none-eabi/lib/thumb/v7e-m+fp/hard\libc_nano.a(libc_a-mallocr.o)
                0x20013008                __malloc_sbrk_start
 .bss.__malloc_free_list
                0x2001300c        0x4 C:/ST/STM32CubeIDE_1.19.0/STM32CubeIDE/plugins/com.st.stm32cube.ide.mcu.externaltools.gnu-tools-for-stm32.13.3.rel1.win32_1.0.0.202411081344/tools/bin/../lib/gcc/arm-none-eabi/13.3.1/../../../../arm-none-eabi/lib/thumb/v7e-m+fp/hard\libc_nano.a(libc_a-mallocr.o)
                0x2001300c                __malloc_free_list
 *(COMMON)
                0x20013010                        . = ALIGN (0x4)
                0x20013010                        _ebss = .
                0x20013010                        __bss_end__ = _ebss

._user_heap_stack
                0x20013010      0x600 load address 0x080059f0
                0x20013010                        . = ALIGN (0x8)
                [!provide]                        PROVIDE (end = .)
                0x20013010                        PROVIDE (_end = .)
                0x20013210                        . = (. + _Min_Heap_Size)
 *fill*         0x20013010      0x200 
                0x20013610                        . = (. + _Min_Stack_Size)
 *fill*         0x20013210      0x400 
                0x20013610                        . = ALIGN (0x8)

/DISCARD/
 libc.a(*)
 libm.a(*)
 libgcc.a(*)

.ARM.attributes
                0x00000000       0x30
 *(.ARM.attributes)
 .ARM.attributes
                0x00000000       0x22 C:/ST/STM32CubeIDE_1.19.0/STM32CubeIDE/plugins/com.st.stm32cube.ide.mcu.externaltools.gnu-tools-for-stm32.13.3.rel1.win32_1.0.0.202411081344/tools/bin/../lib/gcc/arm-none-eabi/13.3.1/thumb/v7e-m+fp/hard/crti.o
 .ARM.attributes
                0x00000022       0x34 C:/ST/STM32CubeIDE_1.19.0/STM32CubeIDE/plugins/com.st.stm32cube.ide.mcu.externaltools.gnu-tools-for-stm32.13.3.rel1.win32_1.0.0.202411081344/tools/bin/../lib/gcc/arm-none-eabi/13.3.1/thumb/v7e-m+fp/hard/crtbegin.o
 .ARM.attributes
                0x00000056       0x34 ./Core/Src/main.o
 .ARM.attributes
                0x0000008a       0x34 ./Core/Src/stm32f4xx_hal_msp.o
 .ARM.attributes
                0x000000be       0x34 ./Core/Src/stm32f4xx_hal_timebase_tim.o
 .ARM.attributes
                0x000000f2       0x34 ./Core/Src/stm32f4xx_it.o
 .ARM.attributes
                0x00000126       0x34 ./Core/Src/syscalls.o
 .ARM.attributes
                0x0000015a       0x34 ./Core/Src/sysmem.o
 .ARM.attributes
                0x0000018e       0x34 ./Core/Src/system_stm32f4xx.o
 .ARM.attributes
                0x000001c2       0x21 ./Core/Startup/startup_stm32f446retx.o
 .ARM.attributes
                0x000001e3       0x34 ./Drivers/STM32F4xx_HAL_Driver/Src/stm32f4xx_hal.o
 .ARM.attributes
                0x00000217       0x34 ./Drivers/STM32F4xx_HAL_Driver/Src/stm32f4xx_hal_cortex.o
 .ARM.attributes
                0x0000024b       0x34 ./Drivers/STM32F4xx_HAL_Driver/Src/stm32f4xx_hal_gpio.o
 .ARM.attributes
                0x0000027f       0x34 ./Drivers/STM32F4xx_HAL_Driver/Src/stm32f4xx_hal_rcc.o
 .ARM.attributes
                0x000002b3       0x34 ./Drivers/STM32F4xx_HAL_Driver/Src/stm32f4xx_hal_rcc_ex.o
 .ARM.attributes
                0x000002e7       0x34 ./Drivers/STM32F4xx_HAL_Driver/Src/stm32f4xx_hal_tim.o
 .ARM.attributes
                0x0000031b       0x34 ./Drivers/STM32F4xx_HAL_Driver/Src/stm32f4xx_hal_tim_ex.o
 .ARM.attributes
                0x0000034f       0x34 ./Drivers/STM32F4xx_HAL_Driver/Src/stm32f4xx_hal_uart.o
 .ARM.attributes
                0x00000383       0x34 ./Thirdparty/FreeRTOS/list.o
 .ARM.attributes
                0x000003b7       0x34 ./Thirdparty/FreeRTOS/queue.o
 .ARM.attributes
                0x000003eb       0x34 ./Thirdparty/FreeRTOS/tasks.o
 .ARM.attributes
                0x0000041f       0x34 ./Thirdparty/FreeRTOS/timers.o
 .ARM.attributes
                0x00000453       0x34 ./Thirdparty/FreeRTOS/portable/GCC/ARM_CM4F/port.o
 .ARM.attributes
                0x00000487       0x34 ./Thirdparty/FreeRTOS/portable/MemMang/heap_4.o
 .ARM.attributes
                0x000004bb       0x34 C:/ST/STM32CubeIDE_1.19.0/STM32CubeIDE/plugins/com.st.stm32cube.ide.mcu.externaltools.gnu-tools-for-stm32.13.3.rel1.win32_1.0.0.202411081344/tools/bin/../lib/gcc/arm-none-eabi/13.3.1/../../../../arm-none-eabi/lib/thumb/v7e-m+fp/hard\libc_nano.a(libc_a-findfp.o)
 .ARM.attributes
                0x000004ef       0x34 C:/ST/STM32CubeIDE_1.19.0/STM32CubeIDE/plugins/com.st.stm32cube.ide.mcu.externaltools.gnu-tools-for-stm32.13.3.rel1.win32_1.0.0.202411081344/tools/bin/../lib/gcc/arm-none-eabi/13.3.1/../../../../arm-none-eabi/lib/thumb/v7e-m+fp/hard\libc_nano.a(libc_a-fwalk.o)
 .ARM.attributes
                0x00000523       0x34 C:/ST/STM32CubeIDE_1.19.0/STM32CubeIDE/plugins/com.st.stm32cube.ide.mcu.externaltools.gnu-tools-for-stm32.13.3.rel1.win32_1.0.0.202411081344/tools/bin/../lib/gcc/arm-none-eabi/13.3.1/../../../../arm-none-eabi/lib/thumb/v7e-m+fp/hard\libc_nano.a(libc_a-puts.o)
 .ARM.attributes
                0x00000557       0x34 C:/ST/STM32CubeIDE_1.19.0/STM32CubeIDE/plugins/com.st.stm32cube.ide.mcu.externaltools.gnu-tools-for-stm32.13.3.rel1.win32_1.0.0.202411081344/tools/bin/../lib/gcc/arm-none-eabi/13.3.1/../../../../arm-none-eabi/lib/thumb/v7e-m+fp/hard\libc_nano.a(libc_a-stdio.o)
 .ARM.attributes
                0x0000058b       0x34 C:/ST/STM32CubeIDE_1.19.0/STM32CubeIDE/plugins/com.st.stm32cube.ide.mcu.externaltools.gnu-tools-for-stm32.13.3.rel1.win32_1.0.0.202411081344/tools/bin/../lib/gcc/arm-none-eabi/13.3.1/../../../../arm-none-eabi/lib/thumb/v7e-m+fp/hard\libc_nano.a(libc_a-wbuf.o)
 .ARM.attributes
                0x000005bf       0x34 C:/ST/STM32CubeIDE_1.19.0/STM32CubeIDE/plugins/com.st.stm32cube.ide.mcu.externaltools.gnu-tools-for-stm32.13.3.rel1.win32_1.0.0.202411081344/tools/bin/../lib/gcc/arm-none-eabi/13.3.1/../../../../arm-none-eabi/lib/thumb/v7e-m+fp/hard\libc_nano.a(libc_a-wsetup.o)
 .ARM.attributes
                0x000005f3       0x34 C:/ST/STM32CubeIDE_1.19.0/STM32CubeIDE/plugins/com.st.stm32cube.ide.mcu.externaltools.gnu-tools-for-stm32.13.3.rel1.win32_1.0.0.202411081344/tools/bin/../lib/gcc/arm-none-eabi/13.3.1/../../../../arm-none-eabi/lib/thumb/v7e-m+fp/hard\libc_nano.a(libc_a-memset.o)
 .ARM.attributes
                0x00000627       0x34 C:/ST/STM32CubeIDE_1.19.0/STM32CubeIDE/plugins/com.st.stm32cube.ide.mcu.externaltools.gnu-tools-for-stm32.13.3.rel1.win32_1.0.0.202411081344/tools/bin/../lib/gcc/arm-none-eabi/13.3.1/../../../../arm-none-eabi/lib/thumb/v7e-m+fp/hard\libc_nano.a(libc_a-closer.o)
 .ARM.attributes
                0x0000065b       0x34 C:/ST/STM32CubeIDE_1.19.0/STM32CubeIDE/plugins/com.st.stm32cube.ide.mcu.externaltools.gnu-tools-for-stm32.13.3.rel1.win32_1.0.0.202411081344/tools/bin/../lib/gcc/arm-none-eabi/13.3.1/../../../../arm-none-eabi/lib/thumb/v7e-m+fp/hard\libc_nano.a(libc_a-reent.o)
 .ARM.attributes
                0x0000068f       0x34 C:/ST/STM32CubeIDE_1.19.0/STM32CubeIDE/plugins/com.st.stm32cube.ide.mcu.externaltools.gnu-tools-for-stm32.13.3.rel1.win32_1.0.0.202411081344/tools/bin/../lib/gcc/arm-none-eabi/13.3.1/../../../../arm-none-eabi/lib/thumb/v7e-m+fp/hard\libc_nano.a(libc_a-impure.o)
 .ARM.attributes
                0x000006c3       0x34 C:/ST/STM32CubeIDE_1.19.0/STM32CubeIDE/plugins/com.st.stm32cube.ide.mcu.externaltools.gnu-tools-for-stm32.13.3.rel1.win32_1.0.0.202411081344/tools/bin/../lib/gcc/arm-none-eabi/13.3.1/../../../../arm-none-eabi/lib/thumb/v7e-m+fp/hard\libc_nano.a(libc_a-lseekr.o)
 .ARM.attributes
                0x000006f7       0x34 C:/ST/STM32CubeIDE_1.19.0/STM32CubeIDE/plugins/com.st.stm32cube.ide.mcu.externaltools.gnu-tools-for-stm32.13.3.rel1.win32_1.0.0.202411081344/tools/bin/../lib/gcc/arm-none-eabi/13.3.1/../../../../arm-none-eabi/lib/thumb/v7e-m+fp/hard\libc_nano.a(libc_a-readr.o)
 .ARM.attributes
                0x0000072b       0x34 C:/ST/STM32CubeIDE_1.19.0/STM32CubeIDE/plugins/com.st.stm32cube.ide.mcu.externaltools.gnu-tools-for-stm32.13.3.rel1.win32_1.0.0.202411081344/tools/bin/../lib/gcc/arm-none-eabi/13.3.1/../../../../arm-none-eabi/lib/thumb/v7e-m+fp/hard\libc_nano.a(libc_a-writer.o)
 .ARM.attributes
                0x0000075f       0x34 C:/ST/STM32CubeIDE_1.19.0/STM32CubeIDE/plugins/com.st.stm32cube.ide.mcu.externaltools.gnu-tools-for-stm32.13.3.rel1.win32_1.0.0.202411081344/tools/bin/../lib/gcc/arm-none-eabi/13.3.1/../../../../arm-none-eabi/lib/thumb/v7e-m+fp/hard\libc_nano.a(libc_a-errno.o)
 .ARM.attributes
                0x00000793       0x34 C:/ST/STM32CubeIDE_1.19.0/STM32CubeIDE/plugins/com.st.stm32cube.ide.mcu.externaltools.gnu-tools-for-stm32.13.3.rel1.win32_1.0.0.202411081344/tools/bin/../lib/gcc/arm-none-eabi/13.3.1/../../../../arm-none-eabi/lib/thumb/v7e-m+fp/hard\libc_nano.a(libc_a-init.o)
 .ARM.attributes
                0x000007c7       0x34 C:/ST/STM32CubeIDE_1.19.0/STM32CubeIDE/plugins/com.st.stm32cube.ide.mcu.externaltools.gnu-tools-for-stm32.13.3.rel1.win32_1.0.0.202411081344/tools/bin/../lib/gcc/arm-none-eabi/13.3.1/../../../../arm-none-eabi/lib/thumb/v7e-m+fp/hard\libc_nano.a(libc_a-lock.o)
 .ARM.attributes
                0x000007fb       0x34 C:/ST/STM32CubeIDE_1.19.0/STM32CubeIDE/plugins/com.st.stm32cube.ide.mcu.externaltools.gnu-tools-for-stm32.13.3.rel1.win32_1.0.0.202411081344/tools/bin/../lib/gcc/arm-none-eabi/13.3.1/../../../../arm-none-eabi/lib/thumb/v7e-m+fp/hard\libc_nano.a(libc_a-memcpy-stub.o)
 .ARM.attributes
                0x0000082f       0x34 C:/ST/STM32CubeIDE_1.19.0/STM32CubeIDE/plugins/com.st.stm32cube.ide.mcu.externaltools.gnu-tools-for-stm32.13.3.rel1.win32_1.0.0.202411081344/tools/bin/../lib/gcc/arm-none-eabi/13.3.1/../../../../arm-none-eabi/lib/thumb/v7e-m+fp/hard\libc_nano.a(libc_a-freer.o)
 .ARM.attributes
                0x00000863       0x34 C:/ST/STM32CubeIDE_1.19.0/STM32CubeIDE/plugins/com.st.stm32cube.ide.mcu.externaltools.gnu-tools-for-stm32.13.3.rel1.win32_1.0.0.202411081344/tools/bin/../lib/gcc/arm-none-eabi/13.3.1/../../../../arm-none-eabi/lib/thumb/v7e-m+fp/hard\libc_nano.a(libc_a-mallocr.o)
 .ARM.attributes
                0x00000897       0x34 C:/ST/STM32CubeIDE_1.19.0/STM32CubeIDE/plugins/com.st.stm32cube.ide.mcu.externaltools.gnu-tools-for-stm32.13.3.rel1.win32_1.0.0.202411081344/tools/bin/../lib/gcc/arm-none-eabi/13.3.1/../../../../arm-none-eabi/lib/thumb/v7e-m+fp/hard\libc_nano.a(libc_a-mlock.o)
 .ARM.attributes
                0x000008cb       0x34 C:/ST/STM32CubeIDE_1.19.0/STM32CubeIDE/plugins/com.st.stm32cube.ide.mcu.externaltools.gnu-tools-for-stm32.13.3.rel1.win32_1.0.0.202411081344/tools/bin/../lib/gcc/arm-none-eabi/13.3.1/../../../../arm-none-eabi/lib/thumb/v7e-m+fp/hard\libc_nano.a(libc_a-fflush.o)
 .ARM.attributes
                0x000008ff       0x34 C:/ST/STM32CubeIDE_1.19.0/STM32CubeIDE/plugins/com.st.stm32cube.ide.mcu.externaltools.gnu-tools-for-stm32.13.3.rel1.win32_1.0.0.202411081344/tools/bin/../lib/gcc/arm-none-eabi/13.3.1/../../../../arm-none-eabi/lib/thumb/v7e-m+fp/hard\libc_nano.a(libc_a-makebuf.o)
 .ARM.attributes
                0x00000933       0x34 C:/ST/STM32CubeIDE_1.19.0/STM32CubeIDE/plugins/com.st.stm32cube.ide.mcu.externaltools.gnu-tools-for-stm32.13.3.rel1.win32_1.0.0.202411081344/tools/bin/../lib/gcc/arm-none-eabi/13.3.1/../../../../arm-none-eabi/lib/thumb/v7e-m+fp/hard\libc_nano.a(libc_a-fstatr.o)
 .ARM.attributes
                0x00000967       0x34 C:/ST/STM32CubeIDE_1.19.0/STM32CubeIDE/plugins/com.st.stm32cube.ide.mcu.externaltools.gnu-tools-for-stm32.13.3.rel1.win32_1.0.0.202411081344/tools/bin/../lib/gcc/arm-none-eabi/13.3.1/../../../../arm-none-eabi/lib/thumb/v7e-m+fp/hard\libc_nano.a(libc_a-isattyr.o)
 .ARM.attributes
                0x0000099b       0x34 C:/ST/STM32CubeIDE_1.19.0/STM32CubeIDE/plugins/com.st.stm32cube.ide.mcu.externaltools.gnu-tools-for-stm32.13.3.rel1.win32_1.0.0.202411081344/tools/bin/../lib/gcc/arm-none-eabi/13.3.1/../../../../arm-none-eabi/lib/thumb/v7e-m+fp/hard\libc_nano.a(libc_a-sbrkr.o)
 .ARM.attributes
                0x000009cf       0x22 C:/ST/STM32CubeIDE_1.19.0/STM32CubeIDE/plugins/com.st.stm32cube.ide.mcu.externaltools.gnu-tools-for-stm32.13.3.rel1.win32_1.0.0.202411081344/tools/bin/../lib/gcc/arm-none-eabi/13.3.1/thumb/v7e-m+fp/hard\libgcc.a(_aeabi_uldivmod.o)
 .ARM.attributes
                0x000009f1       0x34 C:/ST/STM32CubeIDE_1.19.0/STM32CubeIDE/plugins/com.st.stm32cube.ide.mcu.externaltools.gnu-tools-for-stm32.13.3.rel1.win32_1.0.0.202411081344/tools/bin/../lib/gcc/arm-none-eabi/13.3.1/thumb/v7e-m+fp/hard\libgcc.a(_udivmoddi4.o)
 .ARM.attributes
                0x00000a25       0x22 C:/ST/STM32CubeIDE_1.19.0/STM32CubeIDE/plugins/com.st.stm32cube.ide.mcu.externaltools.gnu-tools-for-stm32.13.3.rel1.win32_1.0.0.202411081344/tools/bin/../lib/gcc/arm-none-eabi/13.3.1/thumb/v7e-m+fp/hard\libgcc.a(_dvmd_tls.o)
 .ARM.attributes
                0x00000a47       0x22 C:/ST/STM32CubeIDE_1.19.0/STM32CubeIDE/plugins/com.st.stm32cube.ide.mcu.externaltools.gnu-tools-for-stm32.13.3.rel1.win32_1.0.0.202411081344/tools/bin/../lib/gcc/arm-none-eabi/13.3.1/thumb/v7e-m+fp/hard/crtn.o
OUTPUT(rtos_project.elf elf32-littlearm)
LOAD linker stubs
LOAD C:/ST/STM32CubeIDE_1.19.0/STM32CubeIDE/plugins/com.st.stm32cube.ide.mcu.externaltools.gnu-tools-for-stm32.13.3.rel1.win32_1.0.0.202411081344/tools/bin/../lib/gcc/arm-none-eabi/13.3.1/../../../../arm-none-eabi/lib/thumb/v7e-m+fp/hard\libc.a
LOAD C:/ST/STM32CubeIDE_1.19.0/STM32CubeIDE/plugins/com.st.stm32cube.ide.mcu.externaltools.gnu-tools-for-stm32.13.3.rel1.win32_1.0.0.202411081344/tools/bin/../lib/gcc/arm-none-eabi/13.3.1/../../../../arm-none-eabi/lib/thumb/v7e-m+fp/hard\libm.a
LOAD C:/ST/STM32CubeIDE_1.19.0/STM32CubeIDE/plugins/com.st.stm32cube.ide.mcu.externaltools.gnu-tools-for-stm32.13.3.rel1.win32_1.0.0.202411081344/tools/bin/../lib/gcc/arm-none-eabi/13.3.1/thumb/v7e-m+fp/hard\libgcc.a

.debug_info     0x00000000    0x13776
 .debug_info    0x00000000     0x1179 ./Core/Src/main.o
 .debug_info    0x00001179      0x919 ./Core/Src/stm32f4xx_hal_msp.o
 .debug_info    0x00001a92      0xc44 ./Core/Src/stm32f4xx_hal_timebase_tim.o
 .debug_info    0x000026d6      0x6ab ./Core/Src/stm32f4xx_it.o
 .debug_info    0x00002d81      0x6d1 ./Core/Src/syscalls.o
 .debug_info    0x00003452      0x168 ./Core/Src/sysmem.o
 .debug_info    0x000035ba      0x54a ./Core/Src/system_stm32f4xx.o
 .debug_info    0x00003b04       0x30 ./Core/Startup/startup_stm32f446retx.o
 .debug_info    0x00003b34      0x99a ./Drivers/STM32F4xx_HAL_Driver/Src/stm32f4xx_hal.o
 .debug_info    0x000044ce      0xdaa ./Drivers/STM32F4xx_HAL_Driver/Src/stm32f4xx_hal_cortex.o
 .debug_info    0x00005278      0x70b ./Drivers/STM32F4xx_HAL_Driver/Src/stm32f4xx_hal_gpio.o
 .debug_info    0x00005983      0x8ff ./Drivers/STM32F4xx_HAL_Driver/Src/stm32f4xx_hal_rcc.o
 .debug_info    0x00006282      0x960 ./Drivers/STM32F4xx_HAL_Driver/Src/stm32f4xx_hal_rcc_ex.o
 .debug_info    0x00006be2     0x299d ./Drivers/STM32F4xx_HAL_Driver/Src/stm32f4xx_hal_tim.o
 .debug_info    0x0000957f     0x14db ./Drivers/STM32F4xx_HAL_Driver/Src/stm32f4xx_hal_tim_ex.o
 .debug_info    0x0000aa5a     0x2f4f ./Drivers/STM32F4xx_HAL_Driver/Src/stm32f4xx_hal_uart.o
 .debug_info    0x0000d9a9      0x2aa ./Thirdparty/FreeRTOS/list.o
 .debug_info    0x0000dc53     0x1865 ./Thirdparty/FreeRTOS/queue.o
 .debug_info    0x0000f4b8     0x2883 ./Thirdparty/FreeRTOS/tasks.o
 .debug_info    0x00011d3b      0xece ./Thirdparty/FreeRTOS/timers.o
 .debug_info    0x00012c09      0x581 ./Thirdparty/FreeRTOS/portable/GCC/ARM_CM4F/port.o
 .debug_info    0x0001318a      0x5ec ./Thirdparty/FreeRTOS/portable/MemMang/heap_4.o

.debug_abbrev   0x00000000     0x2efb
 .debug_abbrev  0x00000000      0x334 ./Core/Src/main.o
 .debug_abbrev  0x00000334      0x1ad ./Core/Src/stm32f4xx_hal_msp.o
 .debug_abbrev  0x000004e1      0x1f4 ./Core/Src/stm32f4xx_hal_timebase_tim.o
 .debug_abbrev  0x000006d5      0x17d ./Core/Src/stm32f4xx_it.o
 .debug_abbrev  0x00000852      0x1b1 ./Core/Src/syscalls.o
 .debug_abbrev  0x00000a03       0xbc ./Core/Src/sysmem.o
 .debug_abbrev  0x00000abf      0x11a ./Core/Src/system_stm32f4xx.o
 .debug_abbrev  0x00000bd9       0x24 ./Core/Startup/startup_stm32f446retx.o
 .debug_abbrev  0x00000bfd      0x214 ./Drivers/STM32F4xx_HAL_Driver/Src/stm32f4xx_hal.o
 .debug_abbrev  0x00000e11      0x31d ./Drivers/STM32F4xx_HAL_Driver/Src/stm32f4xx_hal_cortex.o
 .debug_abbrev  0x0000112e      0x1d4 ./Drivers/STM32F4xx_HAL_Driver/Src/stm32f4xx_hal_gpio.o
 .debug_abbrev  0x00001302      0x2b7 ./Drivers/STM32F4xx_HAL_Driver/Src/stm32f4xx_hal_rcc.o
 .debug_abbrev  0x000015b9      0x211 ./Drivers/STM32F4xx_HAL_Driver/Src/stm32f4xx_hal_rcc_ex.o
 .debug_abbrev  0x000017ca      0x278 ./Drivers/STM32F4xx_HAL_Driver/Src/stm32f4xx_hal_tim.o
 .debug_abbrev  0x00001a42      0x283 ./Drivers/STM32F4xx_HAL_Driver/Src/stm32f4xx_hal_tim_ex.o
 .debug_abbrev  0x00001cc5      0x30e ./Drivers/STM32F4xx_HAL_Driver/Src/stm32f4xx_hal_uart.o
 .debug_abbrev  0x00001fd3       0xee ./Thirdparty/FreeRTOS/list.o
 .debug_abbrev  0x000020c1      0x323 ./Thirdparty/FreeRTOS/queue.o
 .debug_abbrev  0x000023e4      0x398 ./Thirdparty/FreeRTOS/tasks.o
 .debug_abbrev  0x0000277c      0x2dd ./Thirdparty/FreeRTOS/timers.o
 .debug_abbrev  0x00002a59      0x248 ./Thirdparty/FreeRTOS/portable/GCC/ARM_CM4F/port.o
 .debug_abbrev  0x00002ca1      0x25a ./Thirdparty/FreeRTOS/portable/MemMang/heap_4.o

.debug_aranges  0x00000000     0x1278
 .debug_aranges
                0x00000000       0x60 ./Core/Src/main.o
 .debug_aranges
                0x00000060       0x30 ./Core/Src/stm32f4xx_hal_msp.o
 .debug_aranges
                0x00000090       0x30 ./Core/Src/stm32f4xx_hal_timebase_tim.o
 .debug_aranges
                0x000000c0       0x50 ./Core/Src/stm32f4xx_it.o
 .debug_aranges
                0x00000110       0xb0 ./Core/Src/syscalls.o
 .debug_aranges
                0x000001c0       0x20 ./Core/Src/sysmem.o
 .debug_aranges
                0x000001e0       0x28 ./Core/Src/system_stm32f4xx.o
 .debug_aranges
                0x00000208       0x28 ./Core/Startup/startup_stm32f446retx.o
 .debug_aranges
                0x00000230       0xf0 ./Drivers/STM32F4xx_HAL_Driver/Src/stm32f4xx_hal.o
 .debug_aranges
                0x00000320      0x130 ./Drivers/STM32F4xx_HAL_Driver/Src/stm32f4xx_hal_cortex.o
 .debug_aranges
                0x00000450       0x58 ./Drivers/STM32F4xx_HAL_Driver/Src/stm32f4xx_hal_gpio.o
 .debug_aranges
                0x000004a8       0x88 ./Drivers/STM32F4xx_HAL_Driver/Src/stm32f4xx_hal_rcc.o
 .debug_aranges
                0x00000530       0x78 ./Drivers/STM32F4xx_HAL_Driver/Src/stm32f4xx_hal_rcc_ex.o
 .debug_aranges
                0x000005a8      0x3d0 ./Drivers/STM32F4xx_HAL_Driver/Src/stm32f4xx_hal_tim.o
 .debug_aranges
                0x00000978      0x168 ./Drivers/STM32F4xx_HAL_Driver/Src/stm32f4xx_hal_tim_ex.o
 .debug_aranges
                0x00000ae0      0x208 ./Drivers/STM32F4xx_HAL_Driver/Src/stm32f4xx_hal_uart.o
 .debug_aranges
                0x00000ce8       0x40 ./Thirdparty/FreeRTOS/list.o
 .debug_aranges
                0x00000d28      0x140 ./Thirdparty/FreeRTOS/queue.o
 .debug_aranges
                0x00000e68      0x228 ./Thirdparty/FreeRTOS/tasks.o
 .debug_aranges
                0x00001090       0xf8 ./Thirdparty/FreeRTOS/timers.o
 .debug_aranges
                0x00001188       0x80 ./Thirdparty/FreeRTOS/portable/GCC/ARM_CM4F/port.o
 .debug_aranges
                0x00001208       0x70 ./Thirdparty/FreeRTOS/portable/MemMang/heap_4.o

.debug_rnglists
                0x00000000      0xe68
 .debug_rnglists
                0x00000000       0x46 ./Core/Src/main.o
 .debug_rnglists
                0x00000046       0x20 ./Core/Src/stm32f4xx_hal_msp.o
 .debug_rnglists
                0x00000066       0x20 ./Core/Src/stm32f4xx_hal_timebase_tim.o
 .debug_rnglists
                0x00000086       0x37 ./Core/Src/stm32f4xx_it.o
 .debug_rnglists
                0x000000bd       0x7f ./Core/Src/syscalls.o
 .debug_rnglists
                0x0000013c       0x13 ./Core/Src/sysmem.o
 .debug_rnglists
                0x0000014f       0x1a ./Core/Src/system_stm32f4xx.o
 .debug_rnglists
                0x00000169       0x19 ./Core/Startup/startup_stm32f446retx.o
 .debug_rnglists
                0x00000182       0xaf ./Drivers/STM32F4xx_HAL_Driver/Src/stm32f4xx_hal.o
 .debug_rnglists
                0x00000231       0xe0 ./Drivers/STM32F4xx_HAL_Driver/Src/stm32f4xx_hal_cortex.o
 .debug_rnglists
                0x00000311       0x3f ./Drivers/STM32F4xx_HAL_Driver/Src/stm32f4xx_hal_gpio.o
 .debug_rnglists
                0x00000350       0x66 ./Drivers/STM32F4xx_HAL_Driver/Src/stm32f4xx_hal_rcc.o
 .debug_rnglists
                0x000003b6       0x5e ./Drivers/STM32F4xx_HAL_Driver/Src/stm32f4xx_hal_rcc_ex.o
 .debug_rnglists
                0x00000414      0x31a ./Drivers/STM32F4xx_HAL_Driver/Src/stm32f4xx_hal_tim.o
 .debug_rnglists
                0x0000072e      0x125 ./Drivers/STM32F4xx_HAL_Driver/Src/stm32f4xx_hal_tim_ex.o
 .debug_rnglists
                0x00000853      0x1bc ./Drivers/STM32F4xx_HAL_Driver/Src/stm32f4xx_hal_uart.o
 .debug_rnglists
                0x00000a0f       0x2b ./Thirdparty/FreeRTOS/list.o
 .debug_rnglists
                0x00000a3a       0xf9 ./Thirdparty/FreeRTOS/queue.o
 .debug_rnglists
                0x00000b33      0x1cb ./Thirdparty/FreeRTOS/tasks.o
 .debug_rnglists
                0x00000cfe       0xb9 ./Thirdparty/FreeRTOS/timers.o
 .debug_rnglists
                0x00000db7       0x5d ./Thirdparty/FreeRTOS/portable/GCC/ARM_CM4F/port.o
 .debug_rnglists
                0x00000e14       0x54 ./Thirdparty/FreeRTOS/portable/MemMang/heap_4.o

.debug_macro    0x00000000    0x251a0
 .debug_macro   0x00000000      0x32c ./Core/Src/main.o
 .debug_macro   0x0000032c      0xad8 ./Core/Src/main.o
 .debug_macro   0x00000e04      0x29b ./Core/Src/main.o
 .debug_macro   0x0000109f       0x2e ./Core/Src/main.o
 .debug_macro   0x000010cd       0x28 ./Core/Src/main.o
 .debug_macro   0x000010f5       0x22 ./Core/Src/main.o
 .debug_macro   0x00001117       0x8e ./Core/Src/main.o
 .debug_macro   0x000011a5       0x51 ./Core/Src/main.o
 .debug_macro   0x000011f6      0x103 ./Core/Src/main.o
 .debug_macro   0x000012f9       0x6a ./Core/Src/main.o
 .debug_macro   0x00001363      0x1df ./Core/Src/main.o
 .debug_macro   0x00001542       0x1c ./Core/Src/main.o
 .debug_macro   0x0000155e       0x22 ./Core/Src/main.o
 .debug_macro   0x00001580       0xfb ./Core/Src/main.o
 .debug_macro   0x0000167b     0x1011 ./Core/Src/main.o
 .debug_macro   0x0000268c      0x11f ./Core/Src/main.o
 .debug_macro   0x000027ab    0x1675e ./Core/Src/main.o
 .debug_macro   0x00018f09       0x6d ./Core/Src/main.o
 .debug_macro   0x00018f76     0x3693 ./Core/Src/main.o
 .debug_macro   0x0001c609      0x190 ./Core/Src/main.o
 .debug_macro   0x0001c799       0x5c ./Core/Src/main.o
 .debug_macro   0x0001c7f5      0xca5 ./Core/Src/main.o
 .debug_macro   0x0001d49a      0x9e9 ./Core/Src/main.o
 .debug_macro   0x0001de83      0x115 ./Core/Src/main.o
 .debug_macro   0x0001df98      0x1a0 ./Core/Src/main.o
 .debug_macro   0x0001e138       0xa5 ./Core/Src/main.o
 .debug_macro   0x0001e1dd      0x16d ./Core/Src/main.o
 .debug_macro   0x0001e34a      0x287 ./Core/Src/main.o
 .debug_macro   0x0001e5d1       0x5f ./Core/Src/main.o
 .debug_macro   0x0001e630      0x236 ./Core/Src/main.o
 .debug_macro   0x0001e866      0x132 ./Core/Src/main.o
 .debug_macro   0x0001e998      0x29c ./Core/Src/main.o
 .debug_macro   0x0001ec34       0x2e ./Core/Src/main.o
 .debug_macro   0x0001ec62      0x127 ./Core/Src/main.o
 .debug_macro   0x0001ed89       0xe8 ./Core/Src/main.o
 .debug_macro   0x0001ee71       0x89 ./Core/Src/main.o
 .debug_macro   0x0001eefa      0x8ed ./Core/Src/main.o
 .debug_macro   0x0001f7e7       0x53 ./Core/Src/main.o
 .debug_macro   0x0001f83a      0x2aa ./Core/Src/main.o
 .debug_macro   0x0001fae4      0x126 ./Core/Src/main.o
 .debug_macro   0x0001fc0a       0x70 ./Core/Src/main.o
 .debug_macro   0x0001fc7a       0x61 ./Core/Src/main.o
 .debug_macro   0x0001fcdb       0x2a ./Core/Src/main.o
 .debug_macro   0x0001fd05       0x43 ./Core/Src/main.o
 .debug_macro   0x0001fd48       0x34 ./Core/Src/main.o
 .debug_macro   0x0001fd7c       0x16 ./Core/Src/main.o
 .debug_macro   0x0001fd92       0x3c ./Core/Src/main.o
 .debug_macro   0x0001fdce      0x370 ./Core/Src/main.o
 .debug_macro   0x0002013e       0x10 ./Core/Src/main.o
 .debug_macro   0x0002014e       0x16 ./Core/Src/main.o
 .debug_macro   0x00020164       0x4a ./Core/Src/main.o
 .debug_macro   0x000201ae       0x34 ./Core/Src/main.o
 .debug_macro   0x000201e2       0x10 ./Core/Src/main.o
 .debug_macro   0x000201f2       0x58 ./Core/Src/main.o
 .debug_macro   0x0002024a       0x8e ./Core/Src/main.o
 .debug_macro   0x000202d8       0x1c ./Core/Src/main.o
 .debug_macro   0x000202f4      0x185 ./Core/Src/main.o
 .debug_macro   0x00020479       0x16 ./Core/Src/main.o
 .debug_macro   0x0002048f       0x16 ./Core/Src/main.o
 .debug_macro   0x000204a5      0x146 ./Core/Src/main.o
 .debug_macro   0x000205eb       0x16 ./Core/Src/main.o
 .debug_macro   0x00020601      0x106 ./Core/Src/main.o
 .debug_macro   0x00020707       0x2e ./Core/Src/main.o
 .debug_macro   0x00020735      0x182 ./Core/Src/main.o
 .debug_macro   0x000208b7       0xee ./Core/Src/main.o
 .debug_macro   0x000209a5       0x3a ./Core/Src/main.o
 .debug_macro   0x000209df       0x1f ./Core/Src/main.o
 .debug_macro   0x000209fe       0x12 ./Core/Src/main.o
 .debug_macro   0x00020a10     0x10f7 ./Core/Src/main.o
 .debug_macro   0x00021b07       0xc3 ./Core/Src/main.o
 .debug_macro   0x00021bca      0x161 ./Core/Src/main.o
 .debug_macro   0x00021d2b      0x1dd ./Core/Src/stm32f4xx_hal_msp.o
 .debug_macro   0x00021f08      0x1ce ./Core/Src/stm32f4xx_hal_timebase_tim.o
 .debug_macro   0x000220d6      0x1e7 ./Core/Src/stm32f4xx_it.o
 .debug_macro   0x000222bd      0x286 ./Core/Src/syscalls.o
 .debug_macro   0x00022543       0x5b ./Core/Src/syscalls.o
 .debug_macro   0x0002259e       0x94 ./Core/Src/syscalls.o
 .debug_macro   0x00022632       0x57 ./Core/Src/syscalls.o
 .debug_macro   0x00022689       0x10 ./Core/Src/syscalls.o
 .debug_macro   0x00022699       0x10 ./Core/Src/syscalls.o
 .debug_macro   0x000226a9       0x10 ./Core/Src/syscalls.o
 .debug_macro   0x000226b9       0x10 ./Core/Src/syscalls.o
 .debug_macro   0x000226c9       0x1c ./Core/Src/syscalls.o
 .debug_macro   0x000226e5       0x52 ./Core/Src/syscalls.o
 .debug_macro   0x00022737       0x22 ./Core/Src/syscalls.o
 .debug_macro   0x00022759       0x10 ./Core/Src/syscalls.o
 .debug_macro   0x00022769       0x52 ./Core/Src/syscalls.o
 .debug_macro   0x000227bb       0xcf ./Core/Src/syscalls.o
 .debug_macro   0x0002288a       0x1c ./Core/Src/syscalls.o
 .debug_macro   0x000228a6       0x3d ./Core/Src/syscalls.o
 .debug_macro   0x000228e3       0x35 ./Core/Src/syscalls.o
 .debug_macro   0x00022918      0x12c ./Core/Src/syscalls.o
 .debug_macro   0x00022a44       0x16 ./Core/Src/syscalls.o
 .debug_macro   0x00022a5a       0x16 ./Core/Src/syscalls.o
 .debug_macro   0x00022a70       0x29 ./Core/Src/syscalls.o
 .debug_macro   0x00022a99       0x10 ./Core/Src/syscalls.o
 .debug_macro   0x00022aa9      0x242 ./Core/Src/syscalls.o
 .debug_macro   0x00022ceb       0x1c ./Core/Src/syscalls.o
 .debug_macro   0x00022d07       0x10 ./Core/Src/syscalls.o
 .debug_macro   0x00022d17      0x18a ./Core/Src/syscalls.o
 .debug_macro   0x00022ea1       0x16 ./Core/Src/syscalls.o
 .debug_macro   0x00022eb7       0xce ./Core/Src/syscalls.o
 .debug_macro   0x00022f85      0x112 ./Core/Src/sysmem.o
 .debug_macro   0x00023097      0x23c ./Core/Src/sysmem.o
 .debug_macro   0x000232d3      0x1ce ./Core/Src/system_stm32f4xx.o
 .debug_macro   0x000234a1      0x22e ./Drivers/STM32F4xx_HAL_Driver/Src/stm32f4xx_hal.o
 .debug_macro   0x000236cf      0x1ce ./Drivers/STM32F4xx_HAL_Driver/Src/stm32f4xx_hal_cortex.o
 .debug_macro   0x0002389d      0x1d4 ./Drivers/STM32F4xx_HAL_Driver/Src/stm32f4xx_hal_gpio.o
 .debug_macro   0x00023a71      0x1f2 ./Drivers/STM32F4xx_HAL_Driver/Src/stm32f4xx_hal_rcc.o
 .debug_macro   0x00023c63      0x1ce ./Drivers/STM32F4xx_HAL_Driver/Src/stm32f4xx_hal_rcc_ex.o
 .debug_macro   0x00023e31      0x1cf ./Drivers/STM32F4xx_HAL_Driver/Src/stm32f4xx_hal_tim.o
 .debug_macro   0x00024000      0x1ce ./Drivers/STM32F4xx_HAL_Driver/Src/stm32f4xx_hal_tim_ex.o
 .debug_macro   0x000241ce      0x1cf ./Drivers/STM32F4xx_HAL_Driver/Src/stm32f4xx_hal_uart.o
 .debug_macro   0x0002439d      0x1a2 ./Thirdparty/FreeRTOS/list.o
 .debug_macro   0x0002453f      0x239 ./Thirdparty/FreeRTOS/queue.o
 .debug_macro   0x00024778       0x16 ./Thirdparty/FreeRTOS/queue.o
 .debug_macro   0x0002478e       0x20 ./Thirdparty/FreeRTOS/queue.o
 .debug_macro   0x000247ae       0x80 ./Thirdparty/FreeRTOS/queue.o
 .debug_macro   0x0002482e      0x2c6 ./Thirdparty/FreeRTOS/tasks.o
 .debug_macro   0x00024af4       0x17 ./Thirdparty/FreeRTOS/tasks.o
 .debug_macro   0x00024b0b      0x1f1 ./Thirdparty/FreeRTOS/timers.o
 .debug_macro   0x00024cfc       0x9e ./Thirdparty/FreeRTOS/timers.o
 .debug_macro   0x00024d9a      0x1cf ./Thirdparty/FreeRTOS/portable/GCC/ARM_CM4F/port.o
 .debug_macro   0x00024f69      0x237 ./Thirdparty/FreeRTOS/portable/MemMang/heap_4.o

.debug_line     0x00000000    0x15776
 .debug_line    0x00000000      0xba3 ./Core/Src/main.o
 .debug_line    0x00000ba3      0x793 ./Core/Src/stm32f4xx_hal_msp.o
 .debug_line    0x00001336      0x7c4 ./Core/Src/stm32f4xx_hal_timebase_tim.o
 .debug_line    0x00001afa      0x7cf ./Core/Src/stm32f4xx_it.o
 .debug_line    0x000022c9      0x8eb ./Core/Src/syscalls.o
 .debug_line    0x00002bb4      0x588 ./Core/Src/sysmem.o
 .debug_line    0x0000313c      0x7bc ./Core/Src/system_stm32f4xx.o
 .debug_line    0x000038f8       0x7a ./Core/Startup/startup_stm32f446retx.o
 .debug_line    0x00003972      0xa38 ./Drivers/STM32F4xx_HAL_Driver/Src/stm32f4xx_hal.o
 .debug_line    0x000043aa      0xd08 ./Drivers/STM32F4xx_HAL_Driver/Src/stm32f4xx_hal_cortex.o
 .debug_line    0x000050b2      0xb7c ./Drivers/STM32F4xx_HAL_Driver/Src/stm32f4xx_hal_gpio.o
 .debug_line    0x00005c2e      0xe53 ./Drivers/STM32F4xx_HAL_Driver/Src/stm32f4xx_hal_rcc.o
 .debug_line    0x00006a81     0x1504 ./Drivers/STM32F4xx_HAL_Driver/Src/stm32f4xx_hal_rcc_ex.o
 .debug_line    0x00007f85     0x37ad ./Drivers/STM32F4xx_HAL_Driver/Src/stm32f4xx_hal_tim.o
 .debug_line    0x0000b732     0x1998 ./Drivers/STM32F4xx_HAL_Driver/Src/stm32f4xx_hal_tim_ex.o
 .debug_line    0x0000d0ca     0x2580 ./Drivers/STM32F4xx_HAL_Driver/Src/stm32f4xx_hal_uart.o
 .debug_line    0x0000f64a      0x7e9 ./Thirdparty/FreeRTOS/list.o
 .debug_line    0x0000fe33     0x16ca ./Thirdparty/FreeRTOS/queue.o
 .debug_line    0x000114fd     0x2069 ./Thirdparty/FreeRTOS/tasks.o
 .debug_line    0x00013566      0xd8f ./Thirdparty/FreeRTOS/timers.o
 .debug_line    0x000142f5      0x8f7 ./Thirdparty/FreeRTOS/portable/GCC/ARM_CM4F/port.o
 .debug_line    0x00014bec      0xb8a ./Thirdparty/FreeRTOS/portable/MemMang/heap_4.o

.debug_str      0x00000000    0xe21ab
 .debug_str     0x00000000    0xe21ab ./Core/Src/main.o
                              0xd88ea (size before relaxing)
 .debug_str     0x000e21ab    0xc9eb3 ./Core/Src/stm32f4xx_hal_msp.o
 .debug_str     0x000e21ab    0xca3e8 ./Core/Src/stm32f4xx_hal_timebase_tim.o
 .debug_str     0x000e21ab    0xc9e20 ./Core/Src/stm32f4xx_it.o
 .debug_str     0x000e21ab     0x9a9f ./Core/Src/syscalls.o
 .debug_str     0x000e21ab     0x778f ./Core/Src/sysmem.o
 .debug_str     0x000e21ab    0xc98b0 ./Core/Src/system_stm32f4xx.o
 .debug_str     0x000e21ab       0x91 ./Core/Startup/startup_stm32f446retx.o
 .debug_str     0x000e21ab    0xca475 ./Drivers/STM32F4xx_HAL_Driver/Src/stm32f4xx_hal.o
 .debug_str     0x000e21ab    0xca1cc ./Drivers/STM32F4xx_HAL_Driver/Src/stm32f4xx_hal_cortex.o
 .debug_str     0x000e21ab    0xc9a2b ./Drivers/STM32F4xx_HAL_Driver/Src/stm32f4xx_hal_gpio.o
 .debug_str     0x000e21ab    0xc9ce9 ./Drivers/STM32F4xx_HAL_Driver/Src/stm32f4xx_hal_rcc.o
 .debug_str     0x000e21ab    0xc9d1c ./Drivers/STM32F4xx_HAL_Driver/Src/stm32f4xx_hal_rcc_ex.o
 .debug_str     0x000e21ab    0xcac15 ./Drivers/STM32F4xx_HAL_Driver/Src/stm32f4xx_hal_tim.o
 .debug_str     0x000e21ab    0xca421 ./Drivers/STM32F4xx_HAL_Driver/Src/stm32f4xx_hal_tim_ex.o
 .debug_str     0x000e21ab    0xca2a0 ./Drivers/STM32F4xx_HAL_Driver/Src/stm32f4xx_hal_uart.o
 .debug_str     0x000e21ab    0x10cd0 ./Thirdparty/FreeRTOS/list.o
 .debug_str     0x000e21ab    0x13687 ./Thirdparty/FreeRTOS/queue.o
 .debug_str     0x000e21ab    0x14517 ./Thirdparty/FreeRTOS/tasks.o
 .debug_str     0x000e21ab    0x1394c ./Thirdparty/FreeRTOS/timers.o
 .debug_str     0x000e21ab     0xf7ed ./Thirdparty/FreeRTOS/portable/GCC/ARM_CM4F/port.o
 .debug_str     0x000e21ab    0x128d5 ./Thirdparty/FreeRTOS/portable/MemMang/heap_4.o

.comment        0x00000000       0x43
 .comment       0x00000000       0x43 ./Core/Src/main.o
                                 0x44 (size before relaxing)
 .comment       0x00000043       0x44 ./Core/Src/stm32f4xx_hal_msp.o
 .comment       0x00000043       0x44 ./Core/Src/stm32f4xx_hal_timebase_tim.o
 .comment       0x00000043       0x44 ./Core/Src/stm32f4xx_it.o
 .comment       0x00000043       0x44 ./Core/Src/syscalls.o
 .comment       0x00000043       0x44 ./Core/Src/sysmem.o
 .comment       0x00000043       0x44 ./Core/Src/system_stm32f4xx.o
 .comment       0x00000043       0x44 ./Drivers/STM32F4xx_HAL_Driver/Src/stm32f4xx_hal.o
 .comment       0x00000043       0x44 ./Drivers/STM32F4xx_HAL_Driver/Src/stm32f4xx_hal_cortex.o
 .comment       0x00000043       0x44 ./Drivers/STM32F4xx_HAL_Driver/Src/stm32f4xx_hal_gpio.o
 .comment       0x00000043       0x44 ./Drivers/STM32F4xx_HAL_Driver/Src/stm32f4xx_hal_rcc.o
 .comment       0x00000043       0x44 ./Drivers/STM32F4xx_HAL_Driver/Src/stm32f4xx_hal_rcc_ex.o
 .comment       0x00000043       0x44 ./Drivers/STM32F4xx_HAL_Driver/Src/stm32f4xx_hal_tim.o
 .comment       0x00000043       0x44 ./Drivers/STM32F4xx_HAL_Driver/Src/stm32f4xx_hal_tim_ex.o
 .comment       0x00000043       0x44 ./Drivers/STM32F4xx_HAL_Driver/Src/stm32f4xx_hal_uart.o
 .comment       0x00000043       0x44 ./Thirdparty/FreeRTOS/list.o
 .comment       0x00000043       0x44 ./Thirdparty/FreeRTOS/queue.o
 .comment       0x00000043       0x44 ./Thirdparty/FreeRTOS/tasks.o